<html>
<body>
<pre>
<h1>µVision Build Log</h1>
<h2>Tool Versions:</h2>
IDE-Version: µVision V5.31.0.0
Copyright (C) 2020 ARM Ltd and ARM Germany GmbH. All rights reserved.
License Information: Aleksandr Mikhalev, BMSTU, LIC=----
 
Tool Versions:
Toolchain:       MDK-Lite  Version: 5.31.0.0
Toolchain Path:  F:\fs\keil\ARM\ARMCC\Bin
C Compiler:      Armcc.exe V5.06 update 6 (build 750)
Assembler:       Armasm.exe V5.06 update 6 (build 750)
Linker/Locator:  ArmLink.exe V5.06 update 6 (build 750)
Library Manager: ArmAr.exe V5.06 update 6 (build 750)
Hex Converter:   FromElf.exe V5.06 update 6 (build 750)
CPU DLL:         SARMCM3.DLL V5.31.0.0
Dialog DLL:      DCM.DLL V1.17.3.0
Target DLL:      STLink\ST-LINKIII-KEIL_SWO.dll V3.0.7.0
Dialog DLL:      TCM.DLL V1.46.0.0
 
<h2>Project:</h2>
F:\fs_work\BCU\code\bcu\MDK-ARM\bcu.uvprojx
Project File Date:  07/17/2022

<h2>Output:</h2>
*** Using Compiler 'V5.06 update 6 (build 750)', folder: 'F:\fs\keil\ARM\ARMCC\Bin'
Build target 'bcu'
compiling stm32f1xx_it.c...
../Core/Inc/BCU.h(40): warning:  #1295-D: Deprecated declaration SetPoint_Setting - give arg types
  void SetPoint_Setting ();
../Core/Inc/BCU.h(41): warning:  #1295-D: Deprecated declaration SetPoint_to_ValveDutyCycle - give arg types
  void SetPoint_to_ValveDutyCycle ();
../Core/Inc/BCU.h(42): warning:  #1295-D: Deprecated declaration SetPoint_Setting_PID - give arg types
  void SetPoint_Setting_PID ();
../Core/Inc/BCU.h(43): warning:  #1295-D: Deprecated declaration SetPoint_Volts_to_ValveDutyCycle - give arg types
  void SetPoint_Volts_to_ValveDutyCycle();
../Core/Inc/BCU.h(44): warning:  #1-D: last line of file ends without a newline
  #endif /* __BCU_H */
../Core/Src/stm32f1xx_it.c(227): warning:  #177-D: variable "mcuVoltage_ADC_codes_arr_size"  was declared but never referenced
  	size_t mcuVoltage_ADC_codes_arr_size = sizeof(mcuVoltage_ADC_codes_arr)/sizeof(uint32_t);
../Core/Src/stm32f1xx_it.c(228): warning:  #177-D: variable "PressureINFO_ADC_codes_arr_size"  was declared but never referenced
  	size_t PressureINFO_ADC_codes_arr_size = sizeof(PressureINFO_ADC_codes_arr)/sizeof(uint32_t);
../Core/Src/stm32f1xx_it.c(229): warning:  #177-D: variable "ValveINFO_ADC_codes_arr_size"  was declared but never referenced
  	size_t ValveINFO_ADC_codes_arr_size = sizeof(ValveINFO_ADC_codes_arr)/sizeof(uint32_t);
../Core/Src/stm32f1xx_it.c(230): warning:  #177-D: variable "mcuVoltage_ADC_code_median"  was declared but never referenced
  	uint32_t mcuVoltage_ADC_code_median = 0;
../Core/Src/stm32f1xx_it.c(231): warning:  #177-D: variable "PressureINFO_ADC_code_median"  was declared but never referenced
  	uint32_t PressureINFO_ADC_code_median = 0;
../Core/Src/stm32f1xx_it.c: 10 warnings, 0 errors
linking...
Program Size: Code=19338 RO-data=394 RW-data=10956 ZI-data=3740  
FromELF: creating hex file...
"bcu\bcu.axf" - 0 Error(s), 10 Warning(s).

<h2>Software Packages used:</h2>

Package Vendor: ARM
                http://www.keil.com/pack/ARM.CMSIS.5.7.0.pack
                ARM.CMSIS.5.7.0
                CMSIS (Cortex Microcontroller Software Interface Standard)
   * Component: CORE Version: 5.4.0

Package Vendor: Keil
                http://www.keil.com/pack/Keil.STM32F1xx_DFP.2.3.0.pack
                Keil.STM32F1xx_DFP.2.3.0
                STMicroelectronics STM32F1 Series Device Support, Drivers and Examples

<h2>Collection of Component include folders:</h2>
  .\RTE\_bcu
  C:\Users\mikha\AppData\Local\Arm\Packs\ARM\CMSIS\5.7.0\CMSIS\Core\Include
  C:\Users\mikha\AppData\Local\Arm\Packs\Keil\STM32F1xx_DFP\2.3.0\Device\Include

<h2>Collection of Component Files used:</h2>

   * Component: ARM::CMSIS:CORE:5.4.0
Build Time Elapsed:  00:00:04
</pre>
</body>
</html>
