Component: ARM Compiler 5.06 update 6 (build 750) Tool: armlink [4d35ed]

==============================================================================

Section Cross References

    startup_stm32f105xc.o(STACK) refers (Special) to heapauxi.o(.text) for __use_two_region_memory
    startup_stm32f105xc.o(HEAP) refers (Special) to heapauxi.o(.text) for __use_two_region_memory
    startup_stm32f105xc.o(RESET) refers (Special) to heapauxi.o(.text) for __use_two_region_memory
    startup_stm32f105xc.o(RESET) refers to startup_stm32f105xc.o(STACK) for __initial_sp
    startup_stm32f105xc.o(RESET) refers to startup_stm32f105xc.o(.text) for Reset_Handler
    startup_stm32f105xc.o(RESET) refers to stm32f1xx_it.o(i.NMI_Handler) for NMI_Handler
    startup_stm32f105xc.o(RESET) refers to stm32f1xx_it.o(i.HardFault_Handler) for HardFault_Handler
    startup_stm32f105xc.o(RESET) refers to stm32f1xx_it.o(i.MemManage_Handler) for MemManage_Handler
    startup_stm32f105xc.o(RESET) refers to stm32f1xx_it.o(i.BusFault_Handler) for BusFault_Handler
    startup_stm32f105xc.o(RESET) refers to stm32f1xx_it.o(i.UsageFault_Handler) for UsageFault_Handler
    startup_stm32f105xc.o(RESET) refers to stm32f1xx_it.o(i.SVC_Handler) for SVC_Handler
    startup_stm32f105xc.o(RESET) refers to stm32f1xx_it.o(i.DebugMon_Handler) for DebugMon_Handler
    startup_stm32f105xc.o(RESET) refers to stm32f1xx_it.o(i.PendSV_Handler) for PendSV_Handler
    startup_stm32f105xc.o(RESET) refers to stm32f1xx_it.o(i.SysTick_Handler) for SysTick_Handler
    startup_stm32f105xc.o(RESET) refers to stm32f1xx_it.o(i.DMA1_Channel1_IRQHandler) for DMA1_Channel1_IRQHandler
    startup_stm32f105xc.o(RESET) refers to stm32f1xx_it.o(i.DMA1_Channel2_IRQHandler) for DMA1_Channel2_IRQHandler
    startup_stm32f105xc.o(RESET) refers to stm32f1xx_it.o(i.CAN1_TX_IRQHandler) for CAN1_TX_IRQHandler
    startup_stm32f105xc.o(RESET) refers to stm32f1xx_it.o(i.CAN1_RX0_IRQHandler) for CAN1_RX0_IRQHandler
    startup_stm32f105xc.o(RESET) refers to stm32f1xx_it.o(i.TIM1_UP_IRQHandler) for TIM1_UP_IRQHandler
    startup_stm32f105xc.o(RESET) refers to stm32f1xx_it.o(i.TIM2_IRQHandler) for TIM2_IRQHandler
    startup_stm32f105xc.o(RESET) refers to stm32f1xx_it.o(i.CAN2_TX_IRQHandler) for CAN2_TX_IRQHandler
    startup_stm32f105xc.o(RESET) refers to stm32f1xx_it.o(i.CAN2_RX0_IRQHandler) for CAN2_RX0_IRQHandler
    startup_stm32f105xc.o(.text) refers (Special) to heapauxi.o(.text) for __use_two_region_memory
    startup_stm32f105xc.o(.text) refers to system_stm32f1xx.o(i.SystemInit) for SystemInit
    startup_stm32f105xc.o(.text) refers to __main.o(!!!main) for __main
    startup_stm32f105xc.o(.text) refers to startup_stm32f105xc.o(HEAP) for Heap_Mem
    startup_stm32f105xc.o(.text) refers to startup_stm32f105xc.o(STACK) for Stack_Mem
    bcu.o(i.SetPoint_Setting_PID) refers to faddsub_clz.o(x$fpl$fsub) for __aeabi_fsub
    bcu.o(i.SetPoint_Setting_PID) refers to fmul.o(x$fpl$fmul) for __aeabi_fmul
    bcu.o(i.SetPoint_Setting_PID) refers to fleqf.o(x$fpl$fleqf) for __aeabi_cfcmple
    bcu.o(i.SetPoint_Setting_PID) refers to frleqf.o(x$fpl$frleqf) for __aeabi_cfrcmple
    bcu.o(i.SetPoint_Setting_PID) refers to faddsub_clz.o(x$fpl$fadd) for __aeabi_fadd
    bcu.o(i.SetPoint_Setting_PID) refers to fdiv.o(x$fpl$fdiv) for __aeabi_fdiv
    bcu.o(i.SetPoint_Setting_PID) refers to main.o(.data) for PressureINFO_Bars
    bcu.o(i.SetPoint_to_ValveDutyCycle) refers to fdiv.o(x$fpl$fdiv) for __aeabi_fdiv
    bcu.o(i.SetPoint_to_ValveDutyCycle) refers to fmul.o(x$fpl$fmul) for __aeabi_fmul
    bcu.o(i.SetPoint_to_ValveDutyCycle) refers to faddsub_clz.o(x$fpl$fadd) for __aeabi_fadd
    bcu.o(i.SetPoint_to_ValveDutyCycle) refers to ffixu.o(x$fpl$ffixu) for __aeabi_f2uiz
    bcu.o(i.SetPoint_to_ValveDutyCycle) refers to main.o(.data) for SetPoint
    main.o(i.HAL_CAN_RxFifo0MsgPendingCallback) refers to stm32f1xx_hal_can.o(i.HAL_CAN_GetRxMessage) for HAL_CAN_GetRxMessage
    main.o(i.HAL_CAN_RxFifo0MsgPendingCallback) refers to main.o(.data) for RX_data
    main.o(i.HAL_CAN_RxFifo0MsgPendingCallback) refers to main.o(.bss) for pRxHeader
    main.o(i.MX_ADC1_Init) refers to stm32f1xx_hal_adc.o(i.HAL_ADC_Init) for HAL_ADC_Init
    main.o(i.MX_ADC1_Init) refers to main.o(i.Error_Handler) for Error_Handler
    main.o(i.MX_ADC1_Init) refers to stm32f1xx_hal_adc.o(i.HAL_ADC_ConfigChannel) for HAL_ADC_ConfigChannel
    main.o(i.MX_ADC1_Init) refers to main.o(.bss) for hadc1
    main.o(i.MX_CAN1_Init) refers to stm32f1xx_hal_can.o(i.HAL_CAN_Init) for HAL_CAN_Init
    main.o(i.MX_CAN1_Init) refers to main.o(i.Error_Handler) for Error_Handler
    main.o(i.MX_CAN1_Init) refers to stm32f1xx_hal_can.o(i.HAL_CAN_ConfigFilter) for HAL_CAN_ConfigFilter
    main.o(i.MX_CAN1_Init) refers to stm32f1xx_hal_can.o(i.HAL_CAN_Start) for HAL_CAN_Start
    main.o(i.MX_CAN1_Init) refers to stm32f1xx_hal_can.o(i.HAL_CAN_ActivateNotification) for HAL_CAN_ActivateNotification
[...]
    ..\Drivers\STM32F1xx_HAL_Driver\Src\stm32f1xx_hal_tim.c 0x00000000   Number         0  stm32f1xx_hal_tim.o ABSOLUTE
    ..\Drivers\STM32F1xx_HAL_Driver\Src\stm32f1xx_hal_tim_ex.c 0x00000000   Number         0  stm32f1xx_hal_tim_ex.o ABSOLUTE
    ..\\Core\\Src\\Pressures.c               0x00000000   Number         0  pressures.o ABSOLUTE
    BCU.c                                    0x00000000   Number         0  bcu.o ABSOLUTE
    BCU.c                                    0x00000000   Number         0  bcu.o ABSOLUTE
    dc.s                                     0x00000000   Number         0  dc.o ABSOLUTE
    startup_stm32f105xc.s                    0x00000000   Number         0  startup_stm32f105xc.o ABSOLUTE
    RESET                                    0x08000000   Section      336  startup_stm32f105xc.o(RESET)
    !!!main                                  0x08000150   Section        8  __main.o(!!!main)
    !!!scatter                               0x08000158   Section       52  __scatter.o(!!!scatter)
    !!handler_copy                           0x0800018c   Section       26  __scatter_copy.o(!!handler_copy)
    !!handler_zi                             0x080001a8   Section       28  __scatter_zi.o(!!handler_zi)
    .ARM.Collect$$libinit$$00000000          0x080001c4   Section        2  libinit.o(.ARM.Collect$$libinit$$00000000)
    .ARM.Collect$$libinit$$00000002          0x080001c6   Section        0  libinit2.o(.ARM.Collect$$libinit$$00000002)
    .ARM.Collect$$libinit$$00000004          0x080001c6   Section        0  libinit2.o(.ARM.Collect$$libinit$$00000004)
    .ARM.Collect$$libinit$$0000000A          0x080001c6   Section        0  libinit2.o(.ARM.Collect$$libinit$$0000000A)
    .ARM.Collect$$libinit$$0000000C          0x080001c6   Section        0  libinit2.o(.ARM.Collect$$libinit$$0000000C)
    .ARM.Collect$$libinit$$0000000E          0x080001c6   Section        0  libinit2.o(.ARM.Collect$$libinit$$0000000E)
    .ARM.Collect$$libinit$$00000011          0x080001c6   Section        0  libinit2.o(.ARM.Collect$$libinit$$00000011)
    .ARM.Collect$$libinit$$00000013          0x080001c6   Section        0  libinit2.o(.ARM.Collect$$libinit$$00000013)
    .ARM.Collect$$libinit$$00000015          0x080001c6   Section        0  libinit2.o(.ARM.Collect$$libinit$$00000015)
    .ARM.Collect$$libinit$$00000017          0x080001c6   Section        0  libinit2.o(.ARM.Collect$$libinit$$00000017)
    .ARM.Collect$$libinit$$00000019          0x080001c6   Section        0  libinit2.o(.ARM.Collect$$libinit$$00000019)
    .ARM.Collect$$libinit$$0000001B          0x080001c6   Section        0  libinit2.o(.ARM.Collect$$libinit$$0000001B)
    .ARM.Collect$$libinit$$0000001D          0x080001c6   Section        0  libinit2.o(.ARM.Collect$$libinit$$0000001D)
    .ARM.Collect$$libinit$$0000001F          0x080001c6   Section        0  libinit2.o(.ARM.Collect$$libinit$$0000001F)
    .ARM.Collect$$libinit$$00000021          0x080001c6   Section        0  libinit2.o(.ARM.Collect$$libinit$$00000021)
    .ARM.Collect$$libinit$$00000023          0x080001c6   Section        0  libinit2.o(.ARM.Collect$$libinit$$00000023)
    .ARM.Collect$$libinit$$00000025          0x080001c6   Section        0  libinit2.o(.ARM.Collect$$libinit$$00000025)
    .ARM.Collect$$libinit$$0000002C          0x080001c6   Section        0  libinit2.o(.ARM.Collect$$libinit$$0000002C)
    .ARM.Collect$$libinit$$0000002E          0x080001c6   Section        0  libinit2.o(.ARM.Collect$$libinit$$0000002E)
    .ARM.Collect$$libinit$$00000030          0x080001c6   Section        0  libinit2.o(.ARM.Collect$$libinit$$00000030)
    .ARM.Collect$$libinit$$00000032          0x080001c6   Section        0  libinit2.o(.ARM.Collect$$libinit$$00000032)
    .ARM.Collect$$libinit$$00000033          0x080001c6   Section        2  libinit2.o(.ARM.Collect$$libinit$$00000033)
    .ARM.Collect$$libshutdown$$00000000      0x080001c8   Section        2  libshutdown.o(.ARM.Collect$$libshutdown$$00000000)
    .ARM.Collect$$libshutdown$$00000002      0x080001ca   Section        0  libshutdown2.o(.ARM.Collect$$libshutdown$$00000002)
    .ARM.Collect$$libshutdown$$00000004      0x080001ca   Section        0  libshutdown2.o(.ARM.Collect$$libshutdown$$00000004)
    .ARM.Collect$$libshutdown$$00000007      0x080001ca   Section        0  libshutdown2.o(.ARM.Collect$$libshutdown$$00000007)
    .ARM.Collect$$libshutdown$$0000000A      0x080001ca   Section        0  libshutdown2.o(.ARM.Collect$$libshutdown$$0000000A)
    .ARM.Collect$$libshutdown$$0000000C      0x080001ca   Section        0  libshutdown2.o(.ARM.Collect$$libshutdown$$0000000C)
    .ARM.Collect$$libshutdown$$0000000F      0x080001ca   Section        0  libshutdown2.o(.ARM.Collect$$libshutdown$$0000000F)
    .ARM.Collect$$libshutdown$$00000010      0x080001ca   Section        2  libshutdown2.o(.ARM.Collect$$libshutdown$$00000010)
    .ARM.Collect$$rtentry$$00000000          0x080001cc   Section        0  __rtentry.o(.ARM.Collect$$rtentry$$00000000)
    .ARM.Collect$$rtentry$$00000002          0x080001cc   Section        0  __rtentry2.o(.ARM.Collect$$rtentry$$00000002)
    .ARM.Collect$$rtentry$$00000004          0x080001cc   Section        6  __rtentry4.o(.ARM.Collect$$rtentry$$00000004)
    .ARM.Collect$$rtentry$$00000009          0x080001d2   Section        0  __rtentry2.o(.ARM.Collect$$rtentry$$00000009)
    .ARM.Collect$$rtentry$$0000000A          0x080001d2   Section        4  __rtentry2.o(.ARM.Collect$$rtentry$$0000000A)
    .ARM.Collect$$rtentry$$0000000C          0x080001d6   Section        0  __rtentry2.o(.ARM.Collect$$rtentry$$0000000C)
    .ARM.Collect$$rtentry$$0000000D          0x080001d6   Section        8  __rtentry2.o(.ARM.Collect$$rtentry$$0000000D)
    .ARM.Collect$$rtexit$$00000000           0x080001de   Section        2  rtexit.o(.ARM.Collect$$rtexit$$00000000)
    .ARM.Collect$$rtexit$$00000002           0x080001e0   Section        0  rtexit2.o(.ARM.Collect$$rtexit$$00000002)
    .ARM.Collect$$rtexit$$00000003           0x080001e0   Section        4  rtexit2.o(.ARM.Collect$$rtexit$$00000003)
    .ARM.Collect$$rtexit$$00000004           0x080001e4   Section        6  rtexit2.o(.ARM.Collect$$rtexit$$00000004)
    .text                                    0x080001ec   Section       64  startup_stm32f105xc.o(.text)
    .text                                    0x0800022c   Section      238  lludivv7m.o(.text)
    .text                                    0x0800031a   Section       78  rt_memclr_w.o(.text)
    .text                                    0x08000368   Section        0  heapauxi.o(.text)
    .text                                    0x0800036e   Section       74  sys_stackheap_outer.o(.text)
    .text                                    0x080003b8   Section        0  exit.o(.text)
    .text                                    0x080003cc   Section        8  libspace.o(.text)
    .text                                    0x080003d4   Section        0  sys_exit.o(.text)
    .text                                    0x080003e0   Section        2  use_no_semi.o(.text)
    .text                                    0x080003e2   Section        0  indicate_semi.o(.text)
    i.ADC_ConversionStop_Disable             0x080003e2   Section        0  stm32f1xx_hal_adc.o(i.ADC_ConversionStop_Disable)
    i.ADC_DMAConvCplt                        0x0800043e   Section        0  stm32f1xx_hal_adc.o(i.ADC_DMAConvCplt)
    i.ADC_DMAError                           0x08000490   Section        0  stm32f1xx_hal_adc.o(i.ADC_DMAError)
    i.ADC_DMAHalfConvCplt                    0x080004ae   Section        0  stm32f1xx_hal_adc.o(i.ADC_DMAHalfConvCplt)
    i.ADC_Enable                             0x080004bc   Section        0  stm32f1xx_hal_adc.o(i.ADC_Enable)
    i.BusFault_Handler                       0x0800054c   Section        0  stm32f1xx_it.o(i.BusFault_Handler)
    i.CAN1_RX0_IRQHandler                    0x08000550   Section        0  stm32f1xx_it.o(i.CAN1_RX0_IRQHandler)
    i.CAN1_TX_IRQHandler                     0x08000560   Section        0  stm32f1xx_it.o(i.CAN1_TX_IRQHandler)
    i.CAN2_RX0_IRQHandler                    0x08000570   Section        0  stm32f1xx_it.o(i.CAN2_RX0_IRQHandler)
    i.CAN2_TX_IRQHandler                     0x08000580   Section        0  stm32f1xx_it.o(i.CAN2_TX_IRQHandler)
    i.DMA1_Channel1_IRQHandler               0x08000590   Section        0  stm32f1xx_it.o(i.DMA1_Channel1_IRQHandler)
    i.DMA1_Channel2_IRQHandler               0x0800073c   Section        0  stm32f1xx_it.o(i.DMA1_Channel2_IRQHandler)
    i.DMA_SetConfig                          0x08000750   Section        0  stm32f1xx_hal_dma.o(i.DMA_SetConfig)
    DMA_SetConfig                            0x08000751   Thumb Code    44  stm32f1xx_hal_dma.o(i.DMA_SetConfig)
    i.DebugMon_Handler                       0x0800077c   Section        0  stm32f1xx_it.o(i.DebugMon_Handler)
    i.Error_Handler                          0x0800077e   Section        0  main.o(i.Error_Handler)
    i.HAL_ADCEx_Calibration_Start            0x08000784   Section        0  stm32f1xx_hal_adc_ex.o(i.HAL_ADCEx_Calibration_Start)
    i.HAL_ADC_ConfigChannel                  0x0800089c   Section        0  stm32f1xx_hal_adc.o(i.HAL_ADC_ConfigChannel)
    i.HAL_ADC_ConvCpltCallback               0x080009fc   Section        0  stm32f1xx_hal_adc.o(i.HAL_ADC_ConvCpltCallback)
    i.HAL_ADC_ConvHalfCpltCallback           0x080009fe   Section        0  stm32f1xx_hal_adc.o(i.HAL_ADC_ConvHalfCpltCallback)
    i.HAL_ADC_ErrorCallback                  0x08000a00   Section        0  stm32f1xx_hal_adc.o(i.HAL_ADC_ErrorCallback)
    i.HAL_ADC_Init                           0x08000a04   Section        0  stm32f1xx_hal_adc.o(i.HAL_ADC_Init)
    i.HAL_ADC_MspInit                        0x08000b48   Section        0  stm32f1xx_hal_msp.o(i.HAL_ADC_MspInit)
    i.HAL_ADC_Start_DMA                      0x08000bf4   Section        0  stm32f1xx_hal_adc.o(i.HAL_ADC_Start_DMA)
    i.HAL_CAN_ActivateNotification           0x08000d74   Section        0  stm32f1xx_hal_can.o(i.HAL_CAN_ActivateNotification)
    i.HAL_CAN_AddTxMessage                   0x08000d9e   Section        0  stm32f1xx_hal_can.o(i.HAL_CAN_AddTxMessage)
    i.HAL_CAN_ConfigFilter                   0x08000ef4   Section        0  stm32f1xx_hal_can.o(i.HAL_CAN_ConfigFilter)
    i.HAL_CAN_ErrorCallback                  0x08001018   Section        0  stm32f1xx_hal_can.o(i.HAL_CAN_ErrorCallback)
    i.HAL_CAN_GetRxMessage                   0x0800101a   Section        0  stm32f1xx_hal_can.o(i.HAL_CAN_GetRxMessage)
    i.HAL_CAN_IRQHandler                     0x08001194   Section        0  stm32f1xx_hal_can.o(i.HAL_CAN_IRQHandler)
    i.HAL_CAN_Init                           0x080013e2   Section        0  stm32f1xx_hal_can.o(i.HAL_CAN_Init)
    i.HAL_CAN_MspInit                        0x08001558   Section        0  stm32f1xx_hal_msp.o(i.HAL_CAN_MspInit)
    i.HAL_CAN_RxFifo0FullCallback            0x080016ec   Section        0  stm32f1xx_hal_can.o(i.HAL_CAN_RxFifo0FullCallback)
    i.HAL_CAN_RxFifo0MsgPendingCallback      0x080016f0   Section        0  main.o(i.HAL_CAN_RxFifo0MsgPendingCallback)
    i.HAL_CAN_RxFifo1FullCallback            0x0800170c   Section        0  stm32f1xx_hal_can.o(i.HAL_CAN_RxFifo1FullCallback)
    i.HAL_CAN_RxFifo1MsgPendingCallback      0x0800170e   Section        0  stm32f1xx_hal_can.o(i.HAL_CAN_RxFifo1MsgPendingCallback)
    i.HAL_CAN_SleepCallback                  0x08001710   Section        0  stm32f1xx_hal_can.o(i.HAL_CAN_SleepCallback)
    i.HAL_CAN_Start                          0x08001712   Section        0  stm32f1xx_hal_can.o(i.HAL_CAN_Start)
    i.HAL_CAN_TxMailbox0AbortCallback        0x08001770   Section        0  stm32f1xx_hal_can.o(i.HAL_CAN_TxMailbox0AbortCallback)
    i.HAL_CAN_TxMailbox0CompleteCallback     0x08001772   Section        0  main.o(i.HAL_CAN_TxMailbox0CompleteCallback)
    i.HAL_CAN_TxMailbox1AbortCallback        0x08001774   Section        0  stm32f1xx_hal_can.o(i.HAL_CAN_TxMailbox1AbortCallback)
    i.HAL_CAN_TxMailbox1CompleteCallback     0x08001776   Section        0  stm32f1xx_hal_can.o(i.HAL_CAN_TxMailbox1CompleteCallback)
    i.HAL_CAN_TxMailbox2AbortCallback        0x08001778   Section        0  stm32f1xx_hal_can.o(i.HAL_CAN_TxMailbox2AbortCallback)
    i.HAL_CAN_TxMailbox2CompleteCallback     0x0800177a   Section        0  stm32f1xx_hal_can.o(i.HAL_CAN_TxMailbox2CompleteCallback)
    i.HAL_CAN_WakeUpFromRxMsgCallback        0x0800177c   Section        0  stm32f1xx_hal_can.o(i.HAL_CAN_WakeUpFromRxMsgCallback)
    i.HAL_DMA_IRQHandler                     0x08001780   Section        0  stm32f1xx_hal_dma.o(i.HAL_DMA_IRQHandler)
    i.HAL_DMA_Init                           0x08001b18   Section        0  stm32f1xx_hal_dma.o(i.HAL_DMA_Init)
    i.HAL_DMA_Start_IT                       0x08001ba4   Section        0  stm32f1xx_hal_dma.o(i.HAL_DMA_Start_IT)
    i.HAL_GPIO_Init                          0x08001c40   Section        0  stm32f1xx_hal_gpio.o(i.HAL_GPIO_Init)
    i.HAL_GetTick                            0x08001f60   Section        0  stm32f1xx_hal.o(i.HAL_GetTick)
    i.HAL_IncTick                            0x08001f6c   Section        0  stm32f1xx_hal.o(i.HAL_IncTick)
    i.HAL_Init                               0x08001f84   Section        0  stm32f1xx_hal.o(i.HAL_Init)
    i.HAL_InitTick                           0x08001fac   Section        0  stm32f1xx_hal.o(i.HAL_InitTick)
    i.HAL_MspInit                            0x08001ff8   Section        0  stm32f1xx_hal_msp.o(i.HAL_MspInit)
    i.HAL_NVIC_EnableIRQ                     0x0800204c   Section        0  stm32f1xx_hal_cortex.o(i.HAL_NVIC_EnableIRQ)
    i.HAL_NVIC_SetPriority                   0x0800206c   Section        0  stm32f1xx_hal_cortex.o(i.HAL_NVIC_SetPriority)
    i.HAL_NVIC_SetPriorityGrouping           0x080020e8   Section        0  stm32f1xx_hal_cortex.o(i.HAL_NVIC_SetPriorityGrouping)
    i.HAL_RCCEx_GetPeriphCLKFreq             0x08002110   Section        0  stm32f1xx_hal_rcc_ex.o(i.HAL_RCCEx_GetPeriphCLKFreq)
    i.HAL_RCCEx_PeriphCLKConfig              0x08002338   Section        0  stm32f1xx_hal_rcc_ex.o(i.HAL_RCCEx_PeriphCLKConfig)
    i.HAL_RCC_ClockConfig                    0x08002548   Section        0  stm32f1xx_hal_rcc.o(i.HAL_RCC_ClockConfig)
    i.HAL_RCC_GetHCLKFreq                    0x080026d4   Section        0  stm32f1xx_hal_rcc.o(i.HAL_RCC_GetHCLKFreq)
    i.HAL_RCC_GetPCLK2Freq                   0x080026e0   Section        0  stm32f1xx_hal_rcc.o(i.HAL_RCC_GetPCLK2Freq)
    i.HAL_RCC_GetSysClockFreq                0x08002700   Section        0  stm32f1xx_hal_rcc.o(i.HAL_RCC_GetSysClockFreq)
    i.HAL_RCC_OscConfig                      0x08002824   Section        0  stm32f1xx_hal_rcc.o(i.HAL_RCC_OscConfig)
    i.HAL_SYSTICK_Config                     0x08002d90   Section        0  stm32f1xx_hal_cortex.o(i.HAL_SYSTICK_Config)
    i.HAL_TIMEx_BreakCallback                0x08002dc4   Section        0  stm32f1xx_hal_tim_ex.o(i.HAL_TIMEx_BreakCallback)
    i.HAL_TIMEx_CommutCallback               0x08002dc6   Section        0  stm32f1xx_hal_tim_ex.o(i.HAL_TIMEx_CommutCallback)
    i.HAL_TIMEx_ConfigBreakDeadTime          0x08002dc8   Section        0  stm32f1xx_hal_tim_ex.o(i.HAL_TIMEx_ConfigBreakDeadTime)
    i.HAL_TIMEx_MasterConfigSynchronization  0x08002e3c   Section        0  stm32f1xx_hal_tim_ex.o(i.HAL_TIMEx_MasterConfigSynchronization)
    i.HAL_TIM_Base_Init                      0x08002ecc   Section        0  stm32f1xx_hal_tim.o(i.HAL_TIM_Base_Init)
    i.HAL_TIM_Base_MspInit                   0x08002f34   Section        0  stm32f1xx_hal_msp.o(i.HAL_TIM_Base_MspInit)
    i.HAL_TIM_Base_Start_IT                  0x08002ff0   Section        0  stm32f1xx_hal_tim.o(i.HAL_TIM_Base_Start_IT)
    i.HAL_TIM_ConfigClockSource              0x08003074   Section        0  stm32f1xx_hal_tim.o(i.HAL_TIM_ConfigClockSource)
    i.HAL_TIM_ErrorCallback                  0x0800317c   Section        0  stm32f1xx_hal_tim.o(i.HAL_TIM_ErrorCallback)
    i.HAL_TIM_IC_CaptureCallback             0x0800317e   Section        0  stm32f1xx_hal_tim.o(i.HAL_TIM_IC_CaptureCallback)
    i.HAL_TIM_IRQHandler                     0x08003180   Section        0  stm32f1xx_hal_tim.o(i.HAL_TIM_IRQHandler)
    i.HAL_TIM_MspPostInit                    0x08003318   Section        0  stm32f1xx_hal_msp.o(i.HAL_TIM_MspPostInit)
    i.HAL_TIM_OC_DelayElapsedCallback        0x08003370   Section        0  stm32f1xx_hal_tim.o(i.HAL_TIM_OC_DelayElapsedCallback)
    i.HAL_TIM_PWM_ConfigChannel              0x08003372   Section        0  stm32f1xx_hal_tim.o(i.HAL_TIM_PWM_ConfigChannel)
    i.HAL_TIM_PWM_Init                       0x0800346e   Section        0  stm32f1xx_hal_tim.o(i.HAL_TIM_PWM_Init)
    i.HAL_TIM_PWM_MspInit                    0x080034d4   Section        0  stm32f1xx_hal_tim.o(i.HAL_TIM_PWM_MspInit)
    i.HAL_TIM_PWM_PulseFinishedCallback      0x080034d6   Section        0  stm32f1xx_hal_tim.o(i.HAL_TIM_PWM_PulseFinishedCallback)
    i.HAL_TIM_PWM_PulseFinishedHalfCpltCallback 0x080034d8   Section        0  stm32f1xx_hal_tim.o(i.HAL_TIM_PWM_PulseFinishedHalfCpltCallback)
    i.HAL_TIM_PWM_Start_DMA                  0x080034dc   Section        0  stm32f1xx_hal_tim.o(i.HAL_TIM_PWM_Start_DMA)
    i.HAL_TIM_PeriodElapsedCallback          0x080036ec   Section        0  stm32f1xx_hal_tim.o(i.HAL_TIM_PeriodElapsedCallback)
    i.HAL_TIM_TriggerCallback                0x080036ee   Section        0  stm32f1xx_hal_tim.o(i.HAL_TIM_TriggerCallback)
    i.HardFault_Handler                      0x080036f0   Section        0  stm32f1xx_it.o(i.HardFault_Handler)
    i.MX_ADC1_Init                           0x080036f4   Section        0  main.o(i.MX_ADC1_Init)
    MX_ADC1_Init                             0x080036f5   Thumb Code   130  main.o(i.MX_ADC1_Init)
    i.MX_CAN1_Init                           0x08003780   Section        0  main.o(i.MX_CAN1_Init)
    MX_CAN1_Init                             0x08003781   Thumb Code   156  main.o(i.MX_CAN1_Init)
    i.MX_CAN2_Init                           0x0800382c   Section        0  main.o(i.MX_CAN2_Init)
    MX_CAN2_Init                             0x0800382d   Thumb Code   156  main.o(i.MX_CAN2_Init)
    i.MX_DMA_Init                            0x080038d8   Section        0  main.o(i.MX_DMA_Init)
    MX_DMA_Init                              0x080038d9   Thumb Code    64  main.o(i.MX_DMA_Init)
    i.MX_GPIO_Init                           0x0800391c   Section        0  main.o(i.MX_GPIO_Init)
    MX_GPIO_Init                             0x0800391d   Thumb Code    84  main.o(i.MX_GPIO_Init)
    i.MX_TIM1_Init                           0x08003974   Section        0  main.o(i.MX_TIM1_Init)
    MX_TIM1_Init                             0x08003975   Thumb Code   206  main.o(i.MX_TIM1_Init)
    i.MX_TIM2_Init                           0x08003a4c   Section        0  main.o(i.MX_TIM2_Init)
    MX_TIM2_Init                             0x08003a4d   Thumb Code   102  main.o(i.MX_TIM2_Init)
    i.MemManage_Handler                      0x08003ab8   Section        0  stm32f1xx_it.o(i.MemManage_Handler)
    i.NMI_Handler                            0x08003abc   Section        0  stm32f1xx_it.o(i.NMI_Handler)
    i.PendSV_Handler                         0x08003ac0   Section        0  stm32f1xx_it.o(i.PendSV_Handler)
    i.RCC_Delay                              0x08003ac4   Section        0  stm32f1xx_hal_rcc.o(i.RCC_Delay)
    RCC_Delay                                0x08003ac5   Thumb Code    36  stm32f1xx_hal_rcc.o(i.RCC_Delay)
    i.SVC_Handler                            0x08003aec   Section        0  stm32f1xx_it.o(i.SVC_Handler)
    i.SetPoint_Setting_PID                   0x08003af0   Section        0  bcu.o(i.SetPoint_Setting_PID)
    i.SetPoint_to_ValveDutyCycle             0x08003c08   Section        0  bcu.o(i.SetPoint_to_ValveDutyCycle)
    i.SysTick_Handler                        0x08003c4c   Section        0  stm32f1xx_it.o(i.SysTick_Handler)
    i.SystemClock_Config                     0x08003c54   Section        0  main.o(i.SystemClock_Config)
    i.SystemInit                             0x08003ce8   Section        0  system_stm32f1xx.o(i.SystemInit)
    i.TIM1_UP_IRQHandler                     0x08003cec   Section        0  stm32f1xx_it.o(i.TIM1_UP_IRQHandler)
    i.TIM2_IRQHandler                        0x08003d64   Section        0  stm32f1xx_it.o(i.TIM2_IRQHandler)
    i.TIM_Base_SetConfig                     0x08003d74   Section        0  stm32f1xx_hal_tim.o(i.TIM_Base_SetConfig)
    i.TIM_CCxChannelCmd                      0x08003df8   Section        0  stm32f1xx_hal_tim.o(i.TIM_CCxChannelCmd)
    i.TIM_DMADelayPulseCplt                  0x08003e1a   Section        0  stm32f1xx_hal_tim.o(i.TIM_DMADelayPulseCplt)
    TIM_DMADelayPulseCplt                    0x08003e1b   Thumb Code   104  stm32f1xx_hal_tim.o(i.TIM_DMADelayPulseCplt)
    i.TIM_DMADelayPulseHalfCplt              0x08003e82   Section        0  stm32f1xx_hal_tim.o(i.TIM_DMADelayPulseHalfCplt)
    i.TIM_DMAError                           0x08003ec2   Section        0  stm32f1xx_hal_tim.o(i.TIM_DMAError)
    i.TIM_ETR_SetConfig                      0x08003f20   Section        0  stm32f1xx_hal_tim.o(i.TIM_ETR_SetConfig)
    i.TIM_ITRx_SetConfig                     0x08003f36   Section        0  stm32f1xx_hal_tim.o(i.TIM_ITRx_SetConfig)
    TIM_ITRx_SetConfig                       0x08003f37   Thumb Code    18  stm32f1xx_hal_tim.o(i.TIM_ITRx_SetConfig)
    i.TIM_OC1_SetConfig                      0x08003f48   Section        0  stm32f1xx_hal_tim.o(i.TIM_OC1_SetConfig)
    TIM_OC1_SetConfig                        0x08003f49   Thumb Code    90  stm32f1xx_hal_tim.o(i.TIM_OC1_SetConfig)
    i.TIM_OC2_SetConfig                      0x08003fa8   Section        0  stm32f1xx_hal_tim.o(i.TIM_OC2_SetConfig)
    i.TIM_OC3_SetConfig                      0x08004010   Section        0  stm32f1xx_hal_tim.o(i.TIM_OC3_SetConfig)
    TIM_OC3_SetConfig                        0x08004011   Thumb Code    98  stm32f1xx_hal_tim.o(i.TIM_OC3_SetConfig)
    i.TIM_OC4_SetConfig                      0x08004078   Section        0  stm32f1xx_hal_tim.o(i.TIM_OC4_SetConfig)
    TIM_OC4_SetConfig                        0x08004079   Thumb Code    68  stm32f1xx_hal_tim.o(i.TIM_OC4_SetConfig)
    i.TIM_TI1_ConfigInputStage               0x080040c0   Section        0  stm32f1xx_hal_tim.o(i.TIM_TI1_ConfigInputStage)
    TIM_TI1_ConfigInputStage                 0x080040c1   Thumb Code    38  stm32f1xx_hal_tim.o(i.TIM_TI1_ConfigInputStage)
    i.TIM_TI2_ConfigInputStage               0x080040e6   Section        0  stm32f1xx_hal_tim.o(i.TIM_TI2_ConfigInputStage)
    TIM_TI2_ConfigInputStage                 0x080040e7   Thumb Code    40  stm32f1xx_hal_tim.o(i.TIM_TI2_ConfigInputStage)
    i.UsageFault_Handler                     0x0800410e   Section        0  stm32f1xx_it.o(i.UsageFault_Handler)
    i.__NVIC_GetPriorityGrouping             0x08004114   Section        0  stm32f1xx_hal_cortex.o(i.__NVIC_GetPriorityGrouping)
    __NVIC_GetPriorityGrouping               0x08004115   Thumb Code    10  stm32f1xx_hal_cortex.o(i.__NVIC_GetPriorityGrouping)
    i.__NVIC_SetPriority                     0x08004124   Section        0  stm32f1xx_hal_cortex.o(i.__NVIC_SetPriority)
    __NVIC_SetPriority                       0x08004125   Thumb Code    32  stm32f1xx_hal_cortex.o(i.__NVIC_SetPriority)
    i.main                                   0x0800414c   Section        0  main.o(i.main)
    x$fpl$d2f                                0x080041e8   Section       98  d2f.o(x$fpl$d2f)
    x$fpl$ddiv                               0x0800424c   Section      688  ddiv.o(x$fpl$ddiv)
    ddiv_entry                               0x08004253   Thumb Code     0  ddiv.o(x$fpl$ddiv)
    x$fpl$dfltu                              0x080044fc   Section       38  dflt_clz.o(x$fpl$dfltu)
    x$fpl$dmul                               0x08004524   Section      340  dmul.o(x$fpl$dmul)
    x$fpl$dnaninf                            0x08004678   Section      156  dnaninf.o(x$fpl$dnaninf)
    x$fpl$dretinf                            0x08004714   Section       12  dretinf.o(x$fpl$dretinf)
    x$fpl$f2d                                0x08004720   Section       86  f2d.o(x$fpl$f2d)
    x$fpl$fadd                               0x08004778   Section      196  faddsub_clz.o(x$fpl$fadd)
    _fadd1                                   0x08004787   Thumb Code     0  faddsub_clz.o(x$fpl$fadd)
    x$fpl$fcmpinf                            0x0800483c   Section       24  fcmpi.o(x$fpl$fcmpinf)
    x$fpl$fdiv                               0x08004854   Section      388  fdiv.o(x$fpl$fdiv)
    _fdiv1                                   0x08004855   Thumb Code     0  fdiv.o(x$fpl$fdiv)
    x$fpl$ffixu                              0x080049d8   Section       62  ffixu.o(x$fpl$ffixu)
    x$fpl$ffltu                              0x08004a18   Section       38  fflt_clz.o(x$fpl$ffltu)
    x$fpl$fleqf                              0x08004a40   Section      104  fleqf.o(x$fpl$fleqf)
    x$fpl$fmul                               0x08004aa8   Section      258  fmul.o(x$fpl$fmul)
    x$fpl$fnaninf                            0x08004baa   Section      140  fnaninf.o(x$fpl$fnaninf)
    x$fpl$fretinf                            0x08004c36   Section       10  fretinf.o(x$fpl$fretinf)
    x$fpl$frleqf                             0x08004c40   Section       98  frleqf.o(x$fpl$frleqf)
    x$fpl$fsub                               0x08004ca4   Section      234  faddsub_clz.o(x$fpl$fsub)
    _fsub1                                   0x08004cb3   Thumb Code     0  faddsub_clz.o(x$fpl$fsub)
    .constdata                               0x08004d8e   Section       24  system_stm32f1xx.o(.constdata)
    x$fpl$usenofp                            0x08004d8e   Section        0  usenofp.o(x$fpl$usenofp)
    .data                                    0x20000000   Section       88  main.o(.data)
    .data                                    0x20000058   Section        4  stm32f1xx_hal_msp.o(.data)
    HAL_RCC_CAN1_CLK_ENABLED                 0x20000058   Data           4  stm32f1xx_hal_msp.o(.data)
    .data                                    0x2000005c   Section        9  stm32f1xx_hal.o(.data)
    .data                                    0x20000068   Section        4  system_stm32f1xx.o(.data)
    .bss                                     0x2000006c   Section     2104  main.o(.bss)
    .bss                                     0x200008a4   Section       96  libspace.o(.bss)
    HEAP                                     0x20000908   Section      512  startup_stm32f105xc.o(HEAP)
    Heap_Mem                                 0x20000908   Data         512  startup_stm32f105xc.o(HEAP)
    STACK                                    0x20000b08   Section     1024  startup_stm32f105xc.o(STACK)
    Stack_Mem                                0x20000b08   Data        1024  startup_stm32f105xc.o(STACK)
    __initial_sp                             0x20000f08   Data           0  startup_stm32f105xc.o(STACK)

    Global Symbols

    Symbol Name                              Value     Ov Type        Size  Object(Section)

    BuildAttributes$$THM_ISAv4$P$D$K$B$S$PE$A:L22UL41UL21$X:L11$S22US41US21$IEEE1$IW$USESV6$~STKCKD$USESV7$~SHL$OSPACE$ROPI$EBA8$UX$STANDARDLIB$REQ8$PRES8$EABIv2 0x00000000   Number         0  anon$$obj.o ABSOLUTE
    __ARM_use_no_argv                        0x00000000   Number         0  main.o ABSOLUTE
    __ARM_exceptions_init                     - Undefined Weak Reference
    __alloca_initialize                       - Undefined Weak Reference
    __arm_preinit_                            - Undefined Weak Reference
    __cpp_initialize__aeabi_                  - Undefined Weak Reference
    __cxa_finalize                            - Undefined Weak Reference
    __rt_locale                               - Undefined Weak Reference
    __sigvec_lookup                           - Undefined Weak Reference
    _atexit_init                              - Undefined Weak Reference
    _call_atexit_fns                          - Undefined Weak Reference
    _clock_init                               - Undefined Weak Reference
    _fp_trap_init                             - Undefined Weak Reference
    _fp_trap_shutdown                         - Undefined Weak Reference
    _get_lc_collate                           - Undefined Weak Reference
    _get_lc_ctype                             - Undefined Weak Reference
    _get_lc_monetary                          - Undefined Weak Reference
    _get_lc_numeric                           - Undefined Weak Reference
    _get_lc_time                              - Undefined Weak Reference
    _getenv_init                              - Undefined Weak Reference
    _handle_redirection                       - Undefined Weak Reference
    _init_alloc                               - Undefined Weak Reference
    _init_user_alloc                          - Undefined Weak Reference
    _initio                                   - Undefined Weak Reference
    _rand_init                                - Undefined Weak Reference
    _signal_finish                            - Undefined Weak Reference
    _signal_init                              - Undefined Weak Reference
    _terminate_alloc                          - Undefined Weak Reference
    _terminate_user_alloc                     - Undefined Weak Reference
    _terminateio                              - Undefined Weak Reference
    __Vectors_Size                           0x00000150   Number         0  startup_stm32f105xc.o ABSOLUTE
    __Vectors                                0x08000000   Data           4  startup_stm32f105xc.o(RESET)
    __Vectors_End                            0x08000150   Data           0  startup_stm32f105xc.o(RESET)
    __main                                   0x08000151   Thumb Code     8  __main.o(!!!main)
    __scatterload                            0x08000159   Thumb Code     0  __scatter.o(!!!scatter)
    __scatterload_rt2                        0x08000159   Thumb Code    44  __scatter.o(!!!scatter)
    __scatterload_rt2_thumb_only             0x08000159   Thumb Code     0  __scatter.o(!!!scatter)
    __scatterload_null                       0x08000167   Thumb Code     0  __scatter.o(!!!scatter)
    __scatterload_copy                       0x0800018d   Thumb Code    26  __scatter_copy.o(!!handler_copy)
    __scatterload_zeroinit                   0x080001a9   Thumb Code    28  __scatter_zi.o(!!handler_zi)
    __rt_lib_init                            0x080001c5   Thumb Code     0  libinit.o(.ARM.Collect$$libinit$$00000000)
    __rt_lib_init_alloca_1                   0x080001c7   Thumb Code     0  libinit2.o(.ARM.Collect$$libinit$$0000002E)
    __rt_lib_init_argv_1                     0x080001c7   Thumb Code     0  libinit2.o(.ARM.Collect$$libinit$$0000002C)
    __rt_lib_init_atexit_1                   0x080001c7   Thumb Code     0  libinit2.o(.ARM.Collect$$libinit$$0000001B)
    __rt_lib_init_clock_1                    0x080001c7   Thumb Code     0  libinit2.o(.ARM.Collect$$libinit$$00000021)
    __rt_lib_init_cpp_1                      0x080001c7   Thumb Code     0  libinit2.o(.ARM.Collect$$libinit$$00000032)
    __rt_lib_init_exceptions_1               0x080001c7   Thumb Code     0  libinit2.o(.ARM.Collect$$libinit$$00000030)
    __rt_lib_init_fp_1                       0x080001c7   Thumb Code     0  libinit2.o(.ARM.Collect$$libinit$$00000002)
    __rt_lib_init_fp_trap_1                  0x080001c7   Thumb Code     0  libinit2.o(.ARM.Collect$$libinit$$0000001F)
    __rt_lib_init_getenv_1                   0x080001c7   Thumb Code     0  libinit2.o(.ARM.Collect$$libinit$$00000023)
    __rt_lib_init_heap_1                     0x080001c7   Thumb Code     0  libinit2.o(.ARM.Collect$$libinit$$0000000A)
    __rt_lib_init_lc_collate_1               0x080001c7   Thumb Code     0  libinit2.o(.ARM.Collect$$libinit$$00000011)
    __rt_lib_init_lc_ctype_1                 0x080001c7   Thumb Code     0  libinit2.o(.ARM.Collect$$libinit$$00000013)
    __rt_lib_init_lc_monetary_1              0x080001c7   Thumb Code     0  libinit2.o(.ARM.Collect$$libinit$$00000015)
    __rt_lib_init_lc_numeric_1               0x080001c7   Thumb Code     0  libinit2.o(.ARM.Collect$$libinit$$00000017)
    __rt_lib_init_lc_time_1                  0x080001c7   Thumb Code     0  libinit2.o(.ARM.Collect$$libinit$$00000019)
    __rt_lib_init_preinit_1                  0x080001c7   Thumb Code     0  libinit2.o(.ARM.Collect$$libinit$$00000004)
    __rt_lib_init_rand_1                     0x080001c7   Thumb Code     0  libinit2.o(.ARM.Collect$$libinit$$0000000E)
    __rt_lib_init_return                     0x080001c7   Thumb Code     0  libinit2.o(.ARM.Collect$$libinit$$00000033)
    __rt_lib_init_signal_1                   0x080001c7   Thumb Code     0  libinit2.o(.ARM.Collect$$libinit$$0000001D)
    __rt_lib_init_stdio_1                    0x080001c7   Thumb Code     0  libinit2.o(.ARM.Collect$$libinit$$00000025)
    __rt_lib_init_user_alloc_1               0x080001c7   Thumb Code     0  libinit2.o(.ARM.Collect$$libinit$$0000000C)
    __rt_lib_shutdown                        0x080001c9   Thumb Code     0  libshutdown.o(.ARM.Collect$$libshutdown$$00000000)
    __rt_lib_shutdown_cpp_1                  0x080001cb   Thumb Code     0  libshutdown2.o(.ARM.Collect$$libshutdown$$00000002)
    __rt_lib_shutdown_fp_trap_1              0x080001cb   Thumb Code     0  libshutdown2.o(.ARM.Collect$$libshutdown$$00000007)
    __rt_lib_shutdown_heap_1                 0x080001cb   Thumb Code     0  libshutdown2.o(.ARM.Collect$$libshutdown$$0000000F)
    __rt_lib_shutdown_return                 0x080001cb   Thumb Code     0  libshutdown2.o(.ARM.Collect$$libshutdown$$00000010)
    __rt_lib_shutdown_signal_1               0x080001cb   Thumb Code     0  libshutdown2.o(.ARM.Collect$$libshutdown$$0000000A)
    __rt_lib_shutdown_stdio_1                0x080001cb   Thumb Code     0  libshutdown2.o(.ARM.Collect$$libshutdown$$00000004)
    __rt_lib_shutdown_user_alloc_1           0x080001cb   Thumb Code     0  libshutdown2.o(.ARM.Collect$$libshutdown$$0000000C)
    __rt_entry                               0x080001cd   Thumb Code     0  __rtentry.o(.ARM.Collect$$rtentry$$00000000)
    __rt_entry_presh_1                       0x080001cd   Thumb Code     0  __rtentry2.o(.ARM.Collect$$rtentry$$00000002)
    __rt_entry_sh                            0x080001cd   Thumb Code     0  __rtentry4.o(.ARM.Collect$$rtentry$$00000004)
    __rt_entry_li                            0x080001d3   Thumb Code     0  __rtentry2.o(.ARM.Collect$$rtentry$$0000000A)
    __rt_entry_postsh_1                      0x080001d3   Thumb Code     0  __rtentry2.o(.ARM.Collect$$rtentry$$00000009)
    __rt_entry_main                          0x080001d7   Thumb Code     0  __rtentry2.o(.ARM.Collect$$rtentry$$0000000D)
    __rt_entry_postli_1                      0x080001d7   Thumb Code     0  __rtentry2.o(.ARM.Collect$$rtentry$$0000000C)
    __rt_exit                                0x080001df   Thumb Code     0  rtexit.o(.ARM.Collect$$rtexit$$00000000)
    __rt_exit_ls                             0x080001e1   Thumb Code     0  rtexit2.o(.ARM.Collect$$rtexit$$00000003)
    __rt_exit_prels_1                        0x080001e1   Thumb Code     0  rtexit2.o(.ARM.Collect$$rtexit$$00000002)
    __rt_exit_exit                           0x080001e5   Thumb Code     0  rtexit2.o(.ARM.Collect$$rtexit$$00000004)
    Reset_Handler                            0x080001ed   Thumb Code     8  startup_stm32f105xc.o(.text)
    ADC1_2_IRQHandler                        0x08000207   Thumb Code     0  startup_stm32f105xc.o(.text)
    CAN1_RX1_IRQHandler                      0x08000207   Thumb Code     0  startup_stm32f105xc.o(.text)
    CAN1_SCE_IRQHandler                      0x08000207   Thumb Code     0  startup_stm32f105xc.o(.text)
    CAN2_RX1_IRQHandler                      0x08000207   Thumb Code     0  startup_stm32f105xc.o(.text)
    CAN2_SCE_IRQHandler                      0x08000207   Thumb Code     0  startup_stm32f105xc.o(.text)
    DMA1_Channel3_IRQHandler                 0x08000207   Thumb Code     0  startup_stm32f105xc.o(.text)
    DMA1_Channel4_IRQHandler                 0x08000207   Thumb Code     0  startup_stm32f105xc.o(.text)
    DMA1_Channel5_IRQHandler                 0x08000207   Thumb Code     0  startup_stm32f105xc.o(.text)
    DMA1_Channel6_IRQHandler                 0x08000207   Thumb Code     0  startup_stm32f105xc.o(.text)
    DMA1_Channel7_IRQHandler                 0x08000207   Thumb Code     0  startup_stm32f105xc.o(.text)
    DMA2_Channel1_IRQHandler                 0x08000207   Thumb Code     0  startup_stm32f105xc.o(.text)
    DMA2_Channel2_IRQHandler                 0x08000207   Thumb Code     0  startup_stm32f105xc.o(.text)
    DMA2_Channel3_IRQHandler                 0x08000207   Thumb Code     0  startup_stm32f105xc.o(.text)
    DMA2_Channel4_IRQHandler                 0x08000207   Thumb Code     0  startup_stm32f105xc.o(.text)
    DMA2_Channel5_IRQHandler                 0x08000207   Thumb Code     0  startup_stm32f105xc.o(.text)
    EXTI0_IRQHandler                         0x08000207   Thumb Code     0  startup_stm32f105xc.o(.text)
    EXTI15_10_IRQHandler                     0x08000207   Thumb Code     0  startup_stm32f105xc.o(.text)
    EXTI1_IRQHandler                         0x08000207   Thumb Code     0  startup_stm32f105xc.o(.text)
    EXTI2_IRQHandler                         0x08000207   Thumb Code     0  startup_stm32f105xc.o(.text)
    EXTI3_IRQHandler                         0x08000207   Thumb Code     0  startup_stm32f105xc.o(.text)
    EXTI4_IRQHandler                         0x08000207   Thumb Code     0  startup_stm32f105xc.o(.text)
    EXTI9_5_IRQHandler                       0x08000207   Thumb Code     0  startup_stm32f105xc.o(.text)
    FLASH_IRQHandler                         0x08000207   Thumb Code     0  startup_stm32f105xc.o(.text)
    I2C1_ER_IRQHandler                       0x08000207   Thumb Code     0  startup_stm32f105xc.o(.text)
    I2C1_EV_IRQHandler                       0x08000207   Thumb Code     0  startup_stm32f105xc.o(.text)
    I2C2_ER_IRQHandler                       0x08000207   Thumb Code     0  startup_stm32f105xc.o(.text)
    I2C2_EV_IRQHandler                       0x08000207   Thumb Code     0  startup_stm32f105xc.o(.text)
    OTG_FS_IRQHandler                        0x08000207   Thumb Code     0  startup_stm32f105xc.o(.text)
    OTG_FS_WKUP_IRQHandler                   0x08000207   Thumb Code     0  startup_stm32f105xc.o(.text)
    PVD_IRQHandler                           0x08000207   Thumb Code     0  startup_stm32f105xc.o(.text)
    RCC_IRQHandler                           0x08000207   Thumb Code     0  startup_stm32f105xc.o(.text)
    RTC_Alarm_IRQHandler                     0x08000207   Thumb Code     0  startup_stm32f105xc.o(.text)
    RTC_IRQHandler                           0x08000207   Thumb Code     0  startup_stm32f105xc.o(.text)
    SPI1_IRQHandler                          0x08000207   Thumb Code     0  startup_stm32f105xc.o(.text)
    SPI2_IRQHandler                          0x08000207   Thumb Code     0  startup_stm32f105xc.o(.text)
    SPI3_IRQHandler                          0x08000207   Thumb Code     0  startup_stm32f105xc.o(.text)
    TAMPER_IRQHandler                        0x08000207   Thumb Code     0  startup_stm32f105xc.o(.text)
    TIM1_BRK_IRQHandler                      0x08000207   Thumb Code     0  startup_stm32f105xc.o(.text)
    TIM1_CC_IRQHandler                       0x08000207   Thumb Code     0  startup_stm32f105xc.o(.text)
    TIM1_TRG_COM_IRQHandler                  0x08000207   Thumb Code     0  startup_stm32f105xc.o(.text)
    TIM3_IRQHandler                          0x08000207   Thumb Code     0  startup_stm32f105xc.o(.text)
    TIM4_IRQHandler                          0x08000207   Thumb Code     0  startup_stm32f105xc.o(.text)
    TIM5_IRQHandler                          0x08000207   Thumb Code     0  startup_stm32f105xc.o(.text)
    TIM6_IRQHandler                          0x08000207   Thumb Code     0  startup_stm32f105xc.o(.text)
    TIM7_IRQHandler                          0x08000207   Thumb Code     0  startup_stm32f105xc.o(.text)
    UART4_IRQHandler                         0x08000207   Thumb Code     0  startup_stm32f105xc.o(.text)
    UART5_IRQHandler                         0x08000207   Thumb Code     0  startup_stm32f105xc.o(.text)
    USART1_IRQHandler                        0x08000207   Thumb Code     0  startup_stm32f105xc.o(.text)
    USART2_IRQHandler                        0x08000207   Thumb Code     0  startup_stm32f105xc.o(.text)
    USART3_IRQHandler                        0x08000207   Thumb Code     0  startup_stm32f105xc.o(.text)
    WWDG_IRQHandler                          0x08000207   Thumb Code     0  startup_stm32f105xc.o(.text)
    __user_initial_stackheap                 0x08000209   Thumb Code     0  startup_stm32f105xc.o(.text)
    __aeabi_uldivmod                         0x0800022d   Thumb Code     0  lludivv7m.o(.text)
    _ll_udiv                                 0x0800022d   Thumb Code   238  lludivv7m.o(.text)
    __aeabi_memclr4                          0x0800031b   Thumb Code     0  rt_memclr_w.o(.text)
    __aeabi_memclr8                          0x0800031b   Thumb Code     0  rt_memclr_w.o(.text)
    __rt_memclr_w                            0x0800031b   Thumb Code    78  rt_memclr_w.o(.text)
    _memset_w                                0x0800031f   Thumb Code     0  rt_memclr_w.o(.text)
    __use_two_region_memory                  0x08000369   Thumb Code     2  heapauxi.o(.text)
    __rt_heap_escrow$2region                 0x0800036b   Thumb Code     2  heapauxi.o(.text)
    __rt_heap_expand$2region                 0x0800036d   Thumb Code     2  heapauxi.o(.text)
    __user_setup_stackheap                   0x0800036f   Thumb Code    74  sys_stackheap_outer.o(.text)
    exit                                     0x080003b9   Thumb Code    18  exit.o(.text)
    __user_libspace                          0x080003cd   Thumb Code     8  libspace.o(.text)
    __user_perproc_libspace                  0x080003cd   Thumb Code     0  libspace.o(.text)
    __user_perthread_libspace                0x080003cd   Thumb Code     0  libspace.o(.text)
    _sys_exit                                0x080003d5   Thumb Code     8  sys_exit.o(.text)
    __I$use$semihosting                      0x080003e1   Thumb Code     0  use_no_semi.o(.text)
    __use_no_semihosting_swi                 0x080003e1   Thumb Code     2  use_no_semi.o(.text)
    ADC_ConversionStop_Disable               0x080003e3   Thumb Code    92  stm32f1xx_hal_adc.o(i.ADC_ConversionStop_Disable)
    __semihosting_library_function           0x080003e3   Thumb Code     0  indicate_semi.o(.text)
    ADC_DMAConvCplt                          0x0800043f   Thumb Code    82  stm32f1xx_hal_adc.o(i.ADC_DMAConvCplt)
    ADC_DMAError                             0x08000491   Thumb Code    30  stm32f1xx_hal_adc.o(i.ADC_DMAError)
    ADC_DMAHalfConvCplt                      0x080004af   Thumb Code    14  stm32f1xx_hal_adc.o(i.ADC_DMAHalfConvCplt)
    ADC_Enable                               0x080004bd   Thumb Code   134  stm32f1xx_hal_adc.o(i.ADC_Enable)
    BusFault_Handler                         0x0800054d   Thumb Code     4  stm32f1xx_it.o(i.BusFault_Handler)
    CAN1_RX0_IRQHandler                      0x08000551   Thumb Code    10  stm32f1xx_it.o(i.CAN1_RX0_IRQHandler)
    CAN1_TX_IRQHandler                       0x08000561   Thumb Code    10  stm32f1xx_it.o(i.CAN1_TX_IRQHandler)
    CAN2_RX0_IRQHandler                      0x08000571   Thumb Code    10  stm32f1xx_it.o(i.CAN2_RX0_IRQHandler)
    CAN2_TX_IRQHandler                       0x08000581   Thumb Code    10  stm32f1xx_it.o(i.CAN2_TX_IRQHandler)
    DMA1_Channel1_IRQHandler                 0x08000591   Thumb Code   362  stm32f1xx_it.o(i.DMA1_Channel1_IRQHandler)
    DMA1_Channel2_IRQHandler                 0x0800073d   Thumb Code    14  stm32f1xx_it.o(i.DMA1_Channel2_IRQHandler)
    DebugMon_Handler                         0x0800077d   Thumb Code     2  stm32f1xx_it.o(i.DebugMon_Handler)
    Error_Handler                            0x0800077f   Thumb Code     6  main.o(i.Error_Handler)
    HAL_ADCEx_Calibration_Start              0x08000785   Thumb Code   276  stm32f1xx_hal_adc_ex.o(i.HAL_ADCEx_Calibration_Start)
    HAL_ADC_ConfigChannel                    0x0800089d   Thumb Code   338  stm32f1xx_hal_adc.o(i.HAL_ADC_ConfigChannel)
    HAL_ADC_ConvCpltCallback                 0x080009fd   Thumb Code     2  stm32f1xx_hal_adc.o(i.HAL_ADC_ConvCpltCallback)
    HAL_ADC_ConvHalfCpltCallback             0x080009ff   Thumb Code     2  stm32f1xx_hal_adc.o(i.HAL_ADC_ConvHalfCpltCallback)
    HAL_ADC_ErrorCallback                    0x08000a01   Thumb Code     2  stm32f1xx_hal_adc.o(i.HAL_ADC_ErrorCallback)
    HAL_ADC_Init                             0x08000a05   Thumb Code   314  stm32f1xx_hal_adc.o(i.HAL_ADC_Init)
    HAL_ADC_MspInit                          0x08000b49   Thumb Code   152  stm32f1xx_hal_msp.o(i.HAL_ADC_MspInit)
    HAL_ADC_Start_DMA                        0x08000bf5   Thumb Code   362  stm32f1xx_hal_adc.o(i.HAL_ADC_Start_DMA)
    HAL_CAN_ActivateNotification             0x08000d75   Thumb Code    42  stm32f1xx_hal_can.o(i.HAL_CAN_ActivateNotification)
    HAL_CAN_AddTxMessage                     0x08000d9f   Thumb Code   342  stm32f1xx_hal_can.o(i.HAL_CAN_AddTxMessage)
    HAL_CAN_ConfigFilter                     0x08000ef5   Thumb Code   286  stm32f1xx_hal_can.o(i.HAL_CAN_ConfigFilter)
    HAL_CAN_ErrorCallback                    0x08001019   Thumb Code     2  stm32f1xx_hal_can.o(i.HAL_CAN_ErrorCallback)
    HAL_CAN_GetRxMessage                     0x0800101b   Thumb Code   378  stm32f1xx_hal_can.o(i.HAL_CAN_GetRxMessage)
    HAL_CAN_IRQHandler                       0x08001195   Thumb Code   590  stm32f1xx_hal_can.o(i.HAL_CAN_IRQHandler)
    HAL_CAN_Init                             0x080013e3   Thumb Code   372  stm32f1xx_hal_can.o(i.HAL_CAN_Init)
    HAL_CAN_MspInit                          0x08001559   Thumb Code   380  stm32f1xx_hal_msp.o(i.HAL_CAN_MspInit)
    HAL_CAN_RxFifo0FullCallback              0x080016ed   Thumb Code     2  stm32f1xx_hal_can.o(i.HAL_CAN_RxFifo0FullCallback)
    HAL_CAN_RxFifo0MsgPendingCallback        0x080016f1   Thumb Code    18  main.o(i.HAL_CAN_RxFifo0MsgPendingCallback)
    HAL_CAN_RxFifo1FullCallback              0x0800170d   Thumb Code     2  stm32f1xx_hal_can.o(i.HAL_CAN_RxFifo1FullCallback)
    HAL_CAN_RxFifo1MsgPendingCallback        0x0800170f   Thumb Code     2  stm32f1xx_hal_can.o(i.HAL_CAN_RxFifo1MsgPendingCallback)
    HAL_CAN_SleepCallback                    0x08001711   Thumb Code     2  stm32f1xx_hal_can.o(i.HAL_CAN_SleepCallback)
    HAL_CAN_Start                            0x08001713   Thumb Code    94  stm32f1xx_hal_can.o(i.HAL_CAN_Start)
    HAL_CAN_TxMailbox0AbortCallback          0x08001771   Thumb Code     2  stm32f1xx_hal_can.o(i.HAL_CAN_TxMailbox0AbortCallback)
    HAL_CAN_TxMailbox0CompleteCallback       0x08001773   Thumb Code     2  main.o(i.HAL_CAN_TxMailbox0CompleteCallback)
    HAL_CAN_TxMailbox1AbortCallback          0x08001775   Thumb Code     2  stm32f1xx_hal_can.o(i.HAL_CAN_TxMailbox1AbortCallback)
    HAL_CAN_TxMailbox1CompleteCallback       0x08001777   Thumb Code     2  stm32f1xx_hal_can.o(i.HAL_CAN_TxMailbox1CompleteCallback)
    HAL_CAN_TxMailbox2AbortCallback          0x08001779   Thumb Code     2  stm32f1xx_hal_can.o(i.HAL_CAN_TxMailbox2AbortCallback)
    HAL_CAN_TxMailbox2CompleteCallback       0x0800177b   Thumb Code     2  stm32f1xx_hal_can.o(i.HAL_CAN_TxMailbox2CompleteCallback)
    HAL_CAN_WakeUpFromRxMsgCallback          0x0800177d   Thumb Code     2  stm32f1xx_hal_can.o(i.HAL_CAN_WakeUpFromRxMsgCallback)
    HAL_DMA_IRQHandler                       0x08001781   Thumb Code   910  stm32f1xx_hal_dma.o(i.HAL_DMA_IRQHandler)
    HAL_DMA_Init                             0x08001b19   Thumb Code   132  stm32f1xx_hal_dma.o(i.HAL_DMA_Init)
    HAL_DMA_Start_IT                         0x08001ba5   Thumb Code   156  stm32f1xx_hal_dma.o(i.HAL_DMA_Start_IT)
    HAL_GPIO_Init                            0x08001c41   Thumb Code   766  stm32f1xx_hal_gpio.o(i.HAL_GPIO_Init)
    HAL_GetTick                              0x08001f61   Thumb Code     6  stm32f1xx_hal.o(i.HAL_GetTick)
    HAL_IncTick                              0x08001f6d   Thumb Code    16  stm32f1xx_hal.o(i.HAL_IncTick)
    HAL_Init                                 0x08001f85   Thumb Code    34  stm32f1xx_hal.o(i.HAL_Init)
    HAL_InitTick                             0x08001fad   Thumb Code    64  stm32f1xx_hal.o(i.HAL_InitTick)
    HAL_MspInit                              0x08001ff9   Thumb Code    76  stm32f1xx_hal_msp.o(i.HAL_MspInit)
    HAL_NVIC_EnableIRQ                       0x0800204d   Thumb Code    32  stm32f1xx_hal_cortex.o(i.HAL_NVIC_EnableIRQ)
    HAL_NVIC_SetPriority                     0x0800206d   Thumb Code   124  stm32f1xx_hal_cortex.o(i.HAL_NVIC_SetPriority)
    HAL_NVIC_SetPriorityGrouping             0x080020e9   Thumb Code    32  stm32f1xx_hal_cortex.o(i.HAL_NVIC_SetPriorityGrouping)
    HAL_RCCEx_GetPeriphCLKFreq               0x08002111   Thumb Code   506  stm32f1xx_hal_rcc_ex.o(i.HAL_RCCEx_GetPeriphCLKFreq)
    HAL_RCCEx_PeriphCLKConfig                0x08002339   Thumb Code   510  stm32f1xx_hal_rcc_ex.o(i.HAL_RCCEx_PeriphCLKConfig)
    HAL_RCC_ClockConfig                      0x08002549   Thumb Code   376  stm32f1xx_hal_rcc.o(i.HAL_RCC_ClockConfig)
    HAL_RCC_GetHCLKFreq                      0x080026d5   Thumb Code     6  stm32f1xx_hal_rcc.o(i.HAL_RCC_GetHCLKFreq)
    HAL_RCC_GetPCLK2Freq                     0x080026e1   Thumb Code    22  stm32f1xx_hal_rcc.o(i.HAL_RCC_GetPCLK2Freq)
    HAL_RCC_GetSysClockFreq                  0x08002701   Thumb Code   248  stm32f1xx_hal_rcc.o(i.HAL_RCC_GetSysClockFreq)
    HAL_RCC_OscConfig                        0x08002825   Thumb Code  1378  stm32f1xx_hal_rcc.o(i.HAL_RCC_OscConfig)
    HAL_SYSTICK_Config                       0x08002d91   Thumb Code    52  stm32f1xx_hal_cortex.o(i.HAL_SYSTICK_Config)
    HAL_TIMEx_BreakCallback                  0x08002dc5   Thumb Code     2  stm32f1xx_hal_tim_ex.o(i.HAL_TIMEx_BreakCallback)
    HAL_TIMEx_CommutCallback                 0x08002dc7   Thumb Code     2  stm32f1xx_hal_tim_ex.o(i.HAL_TIMEx_CommutCallback)
    HAL_TIMEx_ConfigBreakDeadTime            0x08002dc9   Thumb Code   116  stm32f1xx_hal_tim_ex.o(i.HAL_TIMEx_ConfigBreakDeadTime)
    HAL_TIMEx_MasterConfigSynchronization    0x08002e3d   Thumb Code   126  stm32f1xx_hal_tim_ex.o(i.HAL_TIMEx_MasterConfigSynchronization)
    HAL_TIM_Base_Init                        0x08002ecd   Thumb Code   102  stm32f1xx_hal_tim.o(i.HAL_TIM_Base_Init)
    HAL_TIM_Base_MspInit                     0x08002f35   Thumb Code   170  stm32f1xx_hal_msp.o(i.HAL_TIM_Base_MspInit)
    HAL_TIM_Base_Start_IT                    0x08002ff1   Thumb Code   114  stm32f1xx_hal_tim.o(i.HAL_TIM_Base_Start_IT)
    HAL_TIM_ConfigClockSource                0x08003075   Thumb Code   264  stm32f1xx_hal_tim.o(i.HAL_TIM_ConfigClockSource)
    HAL_TIM_ErrorCallback                    0x0800317d   Thumb Code     2  stm32f1xx_hal_tim.o(i.HAL_TIM_ErrorCallback)
    HAL_TIM_IC_CaptureCallback               0x0800317f   Thumb Code     2  stm32f1xx_hal_tim.o(i.HAL_TIM_IC_CaptureCallback)
    HAL_TIM_IRQHandler                       0x08003181   Thumb Code   406  stm32f1xx_hal_tim.o(i.HAL_TIM_IRQHandler)
    HAL_TIM_MspPostInit                      0x08003319   Thumb Code    76  stm32f1xx_hal_msp.o(i.HAL_TIM_MspPostInit)
    HAL_TIM_OC_DelayElapsedCallback          0x08003371   Thumb Code     2  stm32f1xx_hal_tim.o(i.HAL_TIM_OC_DelayElapsedCallback)
    HAL_TIM_PWM_ConfigChannel                0x08003373   Thumb Code   252  stm32f1xx_hal_tim.o(i.HAL_TIM_PWM_ConfigChannel)
    HAL_TIM_PWM_Init                         0x0800346f   Thumb Code   102  stm32f1xx_hal_tim.o(i.HAL_TIM_PWM_Init)
    HAL_TIM_PWM_MspInit                      0x080034d5   Thumb Code     2  stm32f1xx_hal_tim.o(i.HAL_TIM_PWM_MspInit)
    HAL_TIM_PWM_PulseFinishedCallback        0x080034d7   Thumb Code     2  stm32f1xx_hal_tim.o(i.HAL_TIM_PWM_PulseFinishedCallback)
    HAL_TIM_PWM_PulseFinishedHalfCpltCallback 0x080034d9   Thumb Code     2  stm32f1xx_hal_tim.o(i.HAL_TIM_PWM_PulseFinishedHalfCpltCallback)
    HAL_TIM_PWM_Start_DMA                    0x080034dd   Thumb Code   498  stm32f1xx_hal_tim.o(i.HAL_TIM_PWM_Start_DMA)
    HAL_TIM_PeriodElapsedCallback            0x080036ed   Thumb Code     2  stm32f1xx_hal_tim.o(i.HAL_TIM_PeriodElapsedCallback)
    HAL_TIM_TriggerCallback                  0x080036ef   Thumb Code     2  stm32f1xx_hal_tim.o(i.HAL_TIM_TriggerCallback)
    HardFault_Handler                        0x080036f1   Thumb Code     4  stm32f1xx_it.o(i.HardFault_Handler)
    MemManage_Handler                        0x08003ab9   Thumb Code     4  stm32f1xx_it.o(i.MemManage_Handler)
    NMI_Handler                              0x08003abd   Thumb Code     4  stm32f1xx_it.o(i.NMI_Handler)
    PendSV_Handler                           0x08003ac1   Thumb Code     2  stm32f1xx_it.o(i.PendSV_Handler)
    SVC_Handler                              0x08003aed   Thumb Code     2  stm32f1xx_it.o(i.SVC_Handler)
    SetPoint_Setting_PID                     0x08003af1   Thumb Code   224  bcu.o(i.SetPoint_Setting_PID)
    SetPoint_to_ValveDutyCycle               0x08003c09   Thumb Code    50  bcu.o(i.SetPoint_to_ValveDutyCycle)
    SysTick_Handler                          0x08003c4d   Thumb Code     8  stm32f1xx_it.o(i.SysTick_Handler)
    SystemClock_Config                       0x08003c55   Thumb Code   144  main.o(i.SystemClock_Config)
    SystemInit                               0x08003ce9   Thumb Code     2  system_stm32f1xx.o(i.SystemInit)
    TIM1_UP_IRQHandler                       0x08003ced   Thumb Code   104  stm32f1xx_it.o(i.TIM1_UP_IRQHandler)
    TIM2_IRQHandler                          0x08003d65   Thumb Code    10  stm32f1xx_it.o(i.TIM2_IRQHandler)
    TIM_Base_SetConfig                       0x08003d75   Thumb Code   116  stm32f1xx_hal_tim.o(i.TIM_Base_SetConfig)
    TIM_CCxChannelCmd                        0x08003df9   Thumb Code    34  stm32f1xx_hal_tim.o(i.TIM_CCxChannelCmd)
    TIM_DMADelayPulseHalfCplt                0x08003e83   Thumb Code    64  stm32f1xx_hal_tim.o(i.TIM_DMADelayPulseHalfCplt)
    TIM_DMAError                             0x08003ec3   Thumb Code    94  stm32f1xx_hal_tim.o(i.TIM_DMAError)
    TIM_ETR_SetConfig                        0x08003f21   Thumb Code    22  stm32f1xx_hal_tim.o(i.TIM_ETR_SetConfig)
    TIM_OC2_SetConfig                        0x08003fa9   Thumb Code   100  stm32f1xx_hal_tim.o(i.TIM_OC2_SetConfig)
    UsageFault_Handler                       0x0800410f   Thumb Code     4  stm32f1xx_it.o(i.UsageFault_Handler)
    main                                     0x0800414d   Thumb Code   112  main.o(i.main)
    __aeabi_d2f                              0x080041e9   Thumb Code     0  d2f.o(x$fpl$d2f)
    _d2f                                     0x080041e9   Thumb Code    98  d2f.o(x$fpl$d2f)
    __aeabi_ddiv                             0x0800424d   Thumb Code     0  ddiv.o(x$fpl$ddiv)
    _ddiv                                    0x0800424d   Thumb Code   552  ddiv.o(x$fpl$ddiv)
    __aeabi_ui2d                             0x080044fd   Thumb Code     0  dflt_clz.o(x$fpl$dfltu)
    _dfltu                                   0x080044fd   Thumb Code    38  dflt_clz.o(x$fpl$dfltu)
    __aeabi_dmul                             0x08004525   Thumb Code     0  dmul.o(x$fpl$dmul)
    _dmul                                    0x08004525   Thumb Code   332  dmul.o(x$fpl$dmul)
    __fpl_dnaninf                            0x08004679   Thumb Code   156  dnaninf.o(x$fpl$dnaninf)
    __fpl_dretinf                            0x08004715   Thumb Code    12  dretinf.o(x$fpl$dretinf)
    __aeabi_f2d                              0x08004721   Thumb Code     0  f2d.o(x$fpl$f2d)
    _f2d                                     0x08004721   Thumb Code    86  f2d.o(x$fpl$f2d)
    __aeabi_fadd                             0x08004779   Thumb Code     0  faddsub_clz.o(x$fpl$fadd)
    _fadd                                    0x08004779   Thumb Code   196  faddsub_clz.o(x$fpl$fadd)
    __fpl_fcmp_Inf                           0x0800483d   Thumb Code    24  fcmpi.o(x$fpl$fcmpinf)
    __aeabi_fdiv                             0x08004855   Thumb Code     0  fdiv.o(x$fpl$fdiv)
    _fdiv                                    0x08004855   Thumb Code   384  fdiv.o(x$fpl$fdiv)
    __aeabi_f2uiz                            0x080049d9   Thumb Code     0  ffixu.o(x$fpl$ffixu)
    _ffixu                                   0x080049d9   Thumb Code    62  ffixu.o(x$fpl$ffixu)
    __aeabi_ui2f                             0x08004a19   Thumb Code     0  fflt_clz.o(x$fpl$ffltu)
    _ffltu                                   0x08004a19   Thumb Code    38  fflt_clz.o(x$fpl$ffltu)
    __aeabi_cfcmple                          0x08004a41   Thumb Code     0  fleqf.o(x$fpl$fleqf)
    _fcmple                                  0x08004a41   Thumb Code   104  fleqf.o(x$fpl$fleqf)
    __fpl_fcmple_InfNaN                      0x08004a93   Thumb Code     0  fleqf.o(x$fpl$fleqf)
    __aeabi_fmul                             0x08004aa9   Thumb Code     0  fmul.o(x$fpl$fmul)
    _fmul                                    0x08004aa9   Thumb Code   258  fmul.o(x$fpl$fmul)
    __fpl_fnaninf                            0x08004bab   Thumb Code   140  fnaninf.o(x$fpl$fnaninf)
    __fpl_fretinf                            0x08004c37   Thumb Code    10  fretinf.o(x$fpl$fretinf)
    __aeabi_cfrcmple                         0x08004c41   Thumb Code     0  frleqf.o(x$fpl$frleqf)
    _frcmple                                 0x08004c41   Thumb Code    98  frleqf.o(x$fpl$frleqf)
    __aeabi_fsub                             0x08004ca5   Thumb Code     0  faddsub_clz.o(x$fpl$fsub)
    _fsub                                    0x08004ca5   Thumb Code   234  faddsub_clz.o(x$fpl$fsub)
    AHBPrescTable                            0x08004d8e   Data          16  system_stm32f1xx.o(.constdata)
    __I$use$fp                               0x08004d8e   Number         0  usenofp.o(x$fpl$usenofp)
    APBPrescTable                            0x08004d9e   Data           8  system_stm32f1xx.o(.constdata)
    Region$$Table$$Base                      0x08004da8   Number         0  anon$$obj.o(Region$$Table)
    Region$$Table$$Limit                     0x08004dc8   Number         0  anon$$obj.o(Region$$Table)
    mcuVoltage                               0x20000000   Data           4  main.o(.data)
    PressureINFO_Volts                       0x20000004   Data           4  main.o(.data)
    PressureINFO_Bars                        0x20000008   Data           4  main.o(.data)
    ValveDutyCycle                           0x2000000c   Data           2  main.o(.data)
    SetPoint                                 0x20000010   Data           4  main.o(.data)
    SetPoint_Volts                           0x20000014   Data           4  main.o(.data)
    NeededBrakePressure                      0x20000018   Data           4  main.o(.data)
    ActualPoint                              0x2000001c   Data           4  main.o(.data)
    ActualPoint_Bars                         0x20000020   Data           4  main.o(.data)
    Counter_for_PID                          0x20000024   Data           1  main.o(.data)
    PressureINFO_BarsU32                     0x20000028   Data           4  main.o(.data)
    NeededBrakePressureBuf                   0x2000002c   Data           4  main.o(.data)
    Pressurescounter                         0x20000030   Data           2  main.o(.data)
    Circle                                   0x20000032   Data           1  main.o(.data)
    TxMailbox                                0x20000034   Data           4  main.o(.data)
    i                                        0x20000038   Data           1  main.o(.data)
    recieve                                  0x20000039   Data           1  main.o(.data)
    TX_data                                  0x2000003a   Data           1  main.o(.data)
    RX_data                                  0x2000003b   Data           1  main.o(.data)
    Kp_PID                                   0x2000003c   Data           4  main.o(.data)
    Ki_PID                                   0x20000040   Data           4  main.o(.data)
    Kd_PID                                   0x20000044   Data           4  main.o(.data)
    errorPrevious_PID                        0x20000048   Data           4  main.o(.data)
    errorCurrent_PID                         0x2000004c   Data           4  main.o(.data)
    errorIntegral_PID                        0x20000050   Data           4  main.o(.data)
    errorDifferential_PID                    0x20000054   Data           4  main.o(.data)
    uwTick                                   0x2000005c   Data           4  stm32f1xx_hal.o(.data)
    uwTickPrio                               0x20000060   Data           4  stm32f1xx_hal.o(.data)
    uwTickFreq                               0x20000064   Data           1  stm32f1xx_hal.o(.data)
    SystemCoreClock                          0x20000068   Data           4  system_stm32f1xx.o(.data)
    hadc1                                    0x2000006c   Data          48  main.o(.bss)
    hdma_adc1                                0x2000009c   Data          68  main.o(.bss)
    hcan1                                    0x200000e0   Data          40  main.o(.bss)
    hcan2                                    0x20000108   Data          40  main.o(.bss)
    htim1                                    0x20000130   Data          72  main.o(.bss)
    htim2                                    0x20000178   Data          72  main.o(.bss)
    hdma_tim1_ch1                            0x200001c0   Data          68  main.o(.bss)
    ADC                                      0x20000204   Data        1200  main.o(.bss)
    pTxHeader                                0x200006b4   Data          24  main.o(.bss)
    pRxHeader                                0x200006cc   Data          28  main.o(.bss)
    sFilterConfig                            0x200006e8   Data          40  main.o(.bss)
    PressureINFO_Bars_PID_calib              0x20000710   Data         404  main.o(.bss)
    __libspace_start                         0x200008a4   Data          96  libspace.o(.bss)
    __temporary_stack_top$libspace           0x20000904   Data           0  libspace.o(.bss)



==============================================================================

Memory Map of the image

  Image Entry point : 0x08000151

  Load Region LR_IROM1 (Base: 0x08000000, Size: 0x00004e34, Max: 0x00040000, ABSOLUTE)

    Execution Region ER_IROM1 (Exec base: 0x08000000, Load base: 0x08000000, Size: 0x00004dc8, Max: 0x00040000, ABSOLUTE)

    Exec Addr    Load Addr    Size         Type   Attr      Idx    E Section Name        Object

    0x08000000   0x08000000   0x00000150   Data   RO            3    RESET               startup_stm32f105xc.o
    0x08000150   0x08000150   0x00000008   Code   RO         3063  * !!!main             c_w.l(__main.o)
    0x08000158   0x08000158   0x00000034   Code   RO         3283    !!!scatter          c_w.l(__scatter.o)
    0x0800018c   0x0800018c   0x0000001a   Code   RO         3285    !!handler_copy      c_w.l(__scatter_copy.o)
    0x080001a6   0x080001a6   0x00000002   PAD
    0x080001a8   0x080001a8   0x0000001c   Code   RO         3287    !!handler_zi        c_w.l(__scatter_zi.o)
    0x080001c4   0x080001c4   0x00000002   Code   RO         3153    .ARM.Collect$$libinit$$00000000  c_w.l(libinit.o)
    0x080001c6   0x080001c6   0x00000000   Code   RO         3166    .ARM.Collect$$libinit$$00000002  c_w.l(libinit2.o)
    0x080001c6   0x080001c6   0x00000000   Code   RO         3168    .ARM.Collect$$libinit$$00000004  c_w.l(libinit2.o)
    0x080001c6   0x080001c6   0x00000000   Code   RO         3171    .ARM.Collect$$libinit$$0000000A  c_w.l(libinit2.o)
    0x080001c6   0x080001c6   0x00000000   Code   RO         3173    .ARM.Collect$$libinit$$0000000C  c_w.l(libinit2.o)
    0x080001c6   0x080001c6   0x00000000   Code   RO         3175    .ARM.Collect$$libinit$$0000000E  c_w.l(libinit2.o)
    0x080001c6   0x080001c6   0x00000000   Code   RO         3178    .ARM.Collect$$libinit$$00000011  c_w.l(libinit2.o)
    0x080001c6   0x080001c6   0x00000000   Code   RO         3180    .ARM.Collect$$libinit$$00000013  c_w.l(libinit2.o)
    0x080001c6   0x080001c6   0x00000000   Code   RO         3182    .ARM.Collect$$libinit$$00000015  c_w.l(libinit2.o)
    0x080001c6   0x080001c6   0x00000000   Code   RO         3184    .ARM.Collect$$libinit$$00000017  c_w.l(libinit2.o)
    0x080001c6   0x080001c6   0x00000000   Code   RO         3186    .ARM.Collect$$libinit$$00000019  c_w.l(libinit2.o)
    0x080001c6   0x080001c6   0x00000000   Code   RO         3188    .ARM.Collect$$libinit$$0000001B  c_w.l(libinit2.o)
    0x080001c6   0x080001c6   0x00000000   Code   RO         3190    .ARM.Collect$$libinit$$0000001D  c_w.l(libinit2.o)
    0x080001c6   0x080001c6   0x00000000   Code   RO         3192    .ARM.Collect$$libinit$$0000001F  c_w.l(libinit2.o)
    0x080001c6   0x080001c6   0x00000000   Code   RO         3194    .ARM.Collect$$libinit$$00000021  c_w.l(libinit2.o)
    0x080001c6   0x080001c6   0x00000000   Code   RO         3196    .ARM.Collect$$libinit$$00000023  c_w.l(libinit2.o)
    0x080001c6   0x080001c6   0x00000000   Code   RO         3198    .ARM.Collect$$libinit$$00000025  c_w.l(libinit2.o)
    0x080001c6   0x080001c6   0x00000000   Code   RO         3202    .ARM.Collect$$libinit$$0000002C  c_w.l(libinit2.o)
    0x080001c6   0x080001c6   0x00000000   Code   RO         3204    .ARM.Collect$$libinit$$0000002E  c_w.l(libinit2.o)
    0x080001c6   0x080001c6   0x00000000   Code   RO         3206    .ARM.Collect$$libinit$$00000030  c_w.l(libinit2.o)
    0x080001c6   0x080001c6   0x00000000   Code   RO         3208    .ARM.Collect$$libinit$$00000032  c_w.l(libinit2.o)
    0x080001c6   0x080001c6   0x00000002   Code   RO         3209    .ARM.Collect$$libinit$$00000033  c_w.l(libinit2.o)
    0x080001c8   0x080001c8   0x00000002   Code   RO         3240    .ARM.Collect$$libshutdown$$00000000  c_w.l(libshutdown.o)
    0x080001ca   0x080001ca   0x00000000   Code   RO         3266    .ARM.Collect$$libshutdown$$00000002  c_w.l(libshutdown2.o)
    0x080001ca   0x080001ca   0x00000000   Code   RO         3268    .ARM.Collect$$libshutdown$$00000004  c_w.l(libshutdown2.o)
    0x080001ca   0x080001ca   0x00000000   Code   RO         3271    .ARM.Collect$$libshutdown$$00000007  c_w.l(libshutdown2.o)
    0x080001ca   0x080001ca   0x00000000   Code   RO         3274    .ARM.Collect$$libshutdown$$0000000A  c_w.l(libshutdown2.o)
    0x080001ca   0x080001ca   0x00000000   Code   RO         3276    .ARM.Collect$$libshutdown$$0000000C  c_w.l(libshutdown2.o)
    0x080001ca   0x080001ca   0x00000000   Code   RO         3279    .ARM.Collect$$libshutdown$$0000000F  c_w.l(libshutdown2.o)
    0x080001ca   0x080001ca   0x00000002   Code   RO         3280    .ARM.Collect$$libshutdown$$00000010  c_w.l(libshutdown2.o)
    0x080001cc   0x080001cc   0x00000000   Code   RO         3107    .ARM.Collect$$rtentry$$00000000  c_w.l(__rtentry.o)
    0x080001cc   0x080001cc   0x00000000   Code   RO         3124    .ARM.Collect$$rtentry$$00000002  c_w.l(__rtentry2.o)
    0x080001cc   0x080001cc   0x00000006   Code   RO         3136    .ARM.Collect$$rtentry$$00000004  c_w.l(__rtentry4.o)
    0x080001d2   0x080001d2   0x00000000   Code   RO         3126    .ARM.Collect$$rtentry$$00000009  c_w.l(__rtentry2.o)
    0x080001d2   0x080001d2   0x00000004   Code   RO         3127    .ARM.Collect$$rtentry$$0000000A  c_w.l(__rtentry2.o)
    0x080001d6   0x080001d6   0x00000000   Code   RO         3129    .ARM.Collect$$rtentry$$0000000C  c_w.l(__rtentry2.o)
    0x080001d6   0x080001d6   0x00000008   Code   RO         3130    .ARM.Collect$$rtentry$$0000000D  c_w.l(__rtentry2.o)
    0x080001de   0x080001de   0x00000002   Code   RO         3157    .ARM.Collect$$rtexit$$00000000  c_w.l(rtexit.o)
    0x080001e0   0x080001e0   0x00000000   Code   RO         3213    .ARM.Collect$$rtexit$$00000002  c_w.l(rtexit2.o)
    0x080001e0   0x080001e0   0x00000004   Code   RO         3214    .ARM.Collect$$rtexit$$00000003  c_w.l(rtexit2.o)
    0x080001e4   0x080001e4   0x00000006   Code   RO         3215    .ARM.Collect$$rtexit$$00000004  c_w.l(rtexit2.o)
    0x080001ea   0x080001ea   0x00000002   PAD
    0x080001ec   0x080001ec   0x00000040   Code   RO            4    .text               startup_stm32f105xc.o
    0x0800022c   0x0800022c   0x000000ee   Code   RO         3055    .text               c_w.l(lludivv7m.o)
    0x0800031a   0x0800031a   0x0000004e   Code   RO         3059    .text               c_w.l(rt_memclr_w.o)
    0x08000368   0x08000368   0x00000006   Code   RO         3061    .text               c_w.l(heapauxi.o)
    0x0800036e   0x0800036e   0x0000004a   Code   RO         3140    .text               c_w.l(sys_stackheap_outer.o)
    0x080003b8   0x080003b8   0x00000012   Code   RO         3142    .text               c_w.l(exit.o)
    0x080003ca   0x080003ca   0x00000002   PAD
    0x080003cc   0x080003cc   0x00000008   Code   RO         3154    .text               c_w.l(libspace.o)
    0x080003d4   0x080003d4   0x0000000c   Code   RO         3210    .text               c_w.l(sys_exit.o)
    0x080003e0   0x080003e0   0x00000002   Code   RO         3229    .text               c_w.l(use_no_semi.o)
    0x080003e2   0x080003e2   0x00000000   Code   RO         3231    .text               c_w.l(indicate_semi.o)
    0x080003e2   0x080003e2   0x0000005c   Code   RO          495    i.ADC_ConversionStop_Disable  stm32f1xx_hal_adc.o
    0x0800043e   0x0800043e   0x00000052   Code   RO          496    i.ADC_DMAConvCplt   stm32f1xx_hal_adc.o
    0x08000490   0x08000490   0x0000001e   Code   RO          497    i.ADC_DMAError      stm32f1xx_hal_adc.o
    0x080004ae   0x080004ae   0x0000000e   Code   RO          498    i.ADC_DMAHalfConvCplt  stm32f1xx_hal_adc.o
    0x080004bc   0x080004bc   0x00000090   Code   RO          499    i.ADC_Enable        stm32f1xx_hal_adc.o
    0x0800054c   0x0800054c   0x00000004   Code   RO          266    i.BusFault_Handler  stm32f1xx_it.o
    0x08000550   0x08000550   0x00000010   Code   RO          267    i.CAN1_RX0_IRQHandler  stm32f1xx_it.o
    0x08000560   0x08000560   0x00000010   Code   RO          268    i.CAN1_TX_IRQHandler  stm32f1xx_it.o
    0x08000570   0x08000570   0x00000010   Code   RO          269    i.CAN2_RX0_IRQHandler  stm32f1xx_it.o
    0x08000580   0x08000580   0x00000010   Code   RO          270    i.CAN2_TX_IRQHandler  stm32f1xx_it.o
    0x08000590   0x08000590   0x000001ac   Code   RO          271    i.DMA1_Channel1_IRQHandler  stm32f1xx_it.o
    0x0800073c   0x0800073c   0x00000014   Code   RO          272    i.DMA1_Channel2_IRQHandler  stm32f1xx_it.o
    0x08000750   0x08000750   0x0000002c   Code   RO         1178    i.DMA_SetConfig     stm32f1xx_hal_dma.o
    0x0800077c   0x0800077c   0x00000002   Code   RO          273    i.DebugMon_Handler  stm32f1xx_it.o
    0x0800077e   0x0800077e   0x00000006   Code   RO          172    i.Error_Handler     main.o
    0x08000784   0x08000784   0x00000118   Code   RO          675    i.HAL_ADCEx_Calibration_Start  stm32f1xx_hal_adc_ex.o
    0x0800089c   0x0800089c   0x00000160   Code   RO          501    i.HAL_ADC_ConfigChannel  stm32f1xx_hal_adc.o
    0x080009fc   0x080009fc   0x00000002   Code   RO          502    i.HAL_ADC_ConvCpltCallback  stm32f1xx_hal_adc.o
    0x080009fe   0x080009fe   0x00000002   Code   RO          503    i.HAL_ADC_ConvHalfCpltCallback  stm32f1xx_hal_adc.o
    0x08000a00   0x08000a00   0x00000002   Code   RO          505    i.HAL_ADC_ErrorCallback  stm32f1xx_hal_adc.o
    0x08000a02   0x08000a02   0x00000002   PAD
    0x08000a04   0x08000a04   0x00000144   Code   RO          510    i.HAL_ADC_Init      stm32f1xx_hal_adc.o
    0x08000b48   0x08000b48   0x000000ac   Code   RO          391    i.HAL_ADC_MspInit   stm32f1xx_hal_msp.o
    0x08000bf4   0x08000bf4   0x00000180   Code   RO          517    i.HAL_ADC_Start_DMA  stm32f1xx_hal_adc.o
    0x08000d74   0x08000d74   0x0000002a   Code   RO         1802    i.HAL_CAN_ActivateNotification  stm32f1xx_hal_can.o
    0x08000d9e   0x08000d9e   0x00000156   Code   RO         1803    i.HAL_CAN_AddTxMessage  stm32f1xx_hal_can.o
    0x08000ef4   0x08000ef4   0x00000124   Code   RO         1804    i.HAL_CAN_ConfigFilter  stm32f1xx_hal_can.o
    0x08001018   0x08001018   0x00000002   Code   RO         1807    i.HAL_CAN_ErrorCallback  stm32f1xx_hal_can.o
    0x0800101a   0x0800101a   0x0000017a   Code   RO         1810    i.HAL_CAN_GetRxMessage  stm32f1xx_hal_can.o
    0x08001194   0x08001194   0x0000024e   Code   RO         1814    i.HAL_CAN_IRQHandler  stm32f1xx_hal_can.o
    0x080013e2   0x080013e2   0x00000174   Code   RO         1815    i.HAL_CAN_Init      stm32f1xx_hal_can.o
    0x08001556   0x08001556   0x00000002   PAD
    0x08001558   0x08001558   0x00000194   Code   RO          393    i.HAL_CAN_MspInit   stm32f1xx_hal_msp.o
    0x080016ec   0x080016ec   0x00000002   Code   RO         1822    i.HAL_CAN_RxFifo0FullCallback  stm32f1xx_hal_can.o
    0x080016ee   0x080016ee   0x00000002   PAD
    0x080016f0   0x080016f0   0x0000001c   Code   RO          173    i.HAL_CAN_RxFifo0MsgPendingCallback  main.o
    0x0800170c   0x0800170c   0x00000002   Code   RO         1824    i.HAL_CAN_RxFifo1FullCallback  stm32f1xx_hal_can.o
    0x0800170e   0x0800170e   0x00000002   Code   RO         1825    i.HAL_CAN_RxFifo1MsgPendingCallback  stm32f1xx_hal_can.o
    0x08001710   0x08001710   0x00000002   Code   RO         1826    i.HAL_CAN_SleepCallback  stm32f1xx_hal_can.o
    0x08001712   0x08001712   0x0000005e   Code   RO         1827    i.HAL_CAN_Start     stm32f1xx_hal_can.o
    0x08001770   0x08001770   0x00000002   Code   RO         1829    i.HAL_CAN_TxMailbox0AbortCallback  stm32f1xx_hal_can.o
    0x08001772   0x08001772   0x00000002   Code   RO          174    i.HAL_CAN_TxMailbox0CompleteCallback  main.o
    0x08001774   0x08001774   0x00000002   Code   RO         1831    i.HAL_CAN_TxMailbox1AbortCallback  stm32f1xx_hal_can.o
    0x08001776   0x08001776   0x00000002   Code   RO         1832    i.HAL_CAN_TxMailbox1CompleteCallback  stm32f1xx_hal_can.o
    0x08001778   0x08001778   0x00000002   Code   RO         1833    i.HAL_CAN_TxMailbox2AbortCallback  stm32f1xx_hal_can.o
    0x0800177a   0x0800177a   0x00000002   Code   RO         1834    i.HAL_CAN_TxMailbox2CompleteCallback  stm32f1xx_hal_can.o
    0x0800177c   0x0800177c   0x00000002   Code   RO         1836    i.HAL_CAN_WakeUpFromRxMsgCallback  stm32f1xx_hal_can.o
    0x0800177e   0x0800177e   0x00000002   PAD
    0x08001780   0x08001780   0x00000398   Code   RO         1184    i.HAL_DMA_IRQHandler  stm32f1xx_hal_dma.o
    0x08001b18   0x08001b18   0x0000008c   Code   RO         1185    i.HAL_DMA_Init      stm32f1xx_hal_dma.o
    0x08001ba4   0x08001ba4   0x0000009c   Code   RO         1189    i.HAL_DMA_Start_IT  stm32f1xx_hal_dma.o
    0x08001c40   0x08001c40   0x00000320   Code   RO         1115    i.HAL_GPIO_Init     stm32f1xx_hal_gpio.o
    0x08001f60   0x08001f60   0x0000000c   Code   RO          782    i.HAL_GetTick       stm32f1xx_hal.o
    0x08001f6c   0x08001f6c   0x00000018   Code   RO          788    i.HAL_IncTick       stm32f1xx_hal.o
    0x08001f84   0x08001f84   0x00000028   Code   RO          789    i.HAL_Init          stm32f1xx_hal.o
    0x08001fac   0x08001fac   0x0000004c   Code   RO          790    i.HAL_InitTick      stm32f1xx_hal.o
    0x08001ff8   0x08001ff8   0x00000054   Code   RO          394    i.HAL_MspInit       stm32f1xx_hal_msp.o
    0x0800204c   0x0800204c   0x00000020   Code   RO         1275    i.HAL_NVIC_EnableIRQ  stm32f1xx_hal_cortex.o
    0x0800206c   0x0800206c   0x0000007c   Code   RO         1281    i.HAL_NVIC_SetPriority  stm32f1xx_hal_cortex.o
    0x080020e8   0x080020e8   0x00000028   Code   RO         1282    i.HAL_NVIC_SetPriorityGrouping  stm32f1xx_hal_cortex.o
    0x08002110   0x08002110   0x00000228   Code   RO         1057    i.HAL_RCCEx_GetPeriphCLKFreq  stm32f1xx_hal_rcc_ex.o
    0x08002338   0x08002338   0x00000210   Code   RO         1058    i.HAL_RCCEx_PeriphCLKConfig  stm32f1xx_hal_rcc_ex.o
    0x08002548   0x08002548   0x0000018c   Code   RO          946    i.HAL_RCC_ClockConfig  stm32f1xx_hal_rcc.o
    0x080026d4   0x080026d4   0x0000000c   Code   RO          951    i.HAL_RCC_GetHCLKFreq  stm32f1xx_hal_rcc.o
    0x080026e0   0x080026e0   0x00000020   Code   RO          954    i.HAL_RCC_GetPCLK2Freq  stm32f1xx_hal_rcc.o
    0x08002700   0x08002700   0x00000124   Code   RO          955    i.HAL_RCC_GetSysClockFreq  stm32f1xx_hal_rcc.o
    0x08002824   0x08002824   0x0000056c   Code   RO          958    i.HAL_RCC_OscConfig  stm32f1xx_hal_rcc.o
    0x08002d90   0x08002d90   0x00000034   Code   RO         1286    i.HAL_SYSTICK_Config  stm32f1xx_hal_cortex.o
    0x08002dc4   0x08002dc4   0x00000002   Code   RO         2752    i.HAL_TIMEx_BreakCallback  stm32f1xx_hal_tim_ex.o
    0x08002dc6   0x08002dc6   0x00000002   Code   RO         2753    i.HAL_TIMEx_CommutCallback  stm32f1xx_hal_tim_ex.o
    0x08002dc8   0x08002dc8   0x00000074   Code   RO         2755    i.HAL_TIMEx_ConfigBreakDeadTime  stm32f1xx_hal_tim_ex.o
    0x08002e3c   0x08002e3c   0x00000090   Code   RO         2771    i.HAL_TIMEx_MasterConfigSynchronization  stm32f1xx_hal_tim_ex.o
    0x08002ecc   0x08002ecc   0x00000066   Code   RO         2037    i.HAL_TIM_Base_Init  stm32f1xx_hal_tim.o
    0x08002f32   0x08002f32   0x00000002   PAD
    0x08002f34   0x08002f34   0x000000bc   Code   RO          396    i.HAL_TIM_Base_MspInit  stm32f1xx_hal_msp.o
    0x08002ff0   0x08002ff0   0x00000084   Code   RO         2042    i.HAL_TIM_Base_Start_IT  stm32f1xx_hal_tim.o
    0x08003074   0x08003074   0x00000108   Code   RO         2046    i.HAL_TIM_ConfigClockSource  stm32f1xx_hal_tim.o
    0x0800317c   0x0800317c   0x00000002   Code   RO         2067    i.HAL_TIM_ErrorCallback  stm32f1xx_hal_tim.o
    0x0800317e   0x0800317e   0x00000002   Code   RO         2071    i.HAL_TIM_IC_CaptureCallback  stm32f1xx_hal_tim.o
    0x08003180   0x08003180   0x00000196   Code   RO         2085    i.HAL_TIM_IRQHandler  stm32f1xx_hal_tim.o
    0x08003316   0x08003316   0x00000002   PAD
    0x08003318   0x08003318   0x00000058   Code   RO          397    i.HAL_TIM_MspPostInit  stm32f1xx_hal_msp.o
    0x08003370   0x08003370   0x00000002   Code   RO         2088    i.HAL_TIM_OC_DelayElapsedCallback  stm32f1xx_hal_tim.o
    0x08003372   0x08003372   0x000000fc   Code   RO         2109    i.HAL_TIM_PWM_ConfigChannel  stm32f1xx_hal_tim.o
    0x0800346e   0x0800346e   0x00000066   Code   RO         2112    i.HAL_TIM_PWM_Init  stm32f1xx_hal_tim.o
    0x080034d4   0x080034d4   0x00000002   Code   RO         2114    i.HAL_TIM_PWM_MspInit  stm32f1xx_hal_tim.o
    0x080034d6   0x080034d6   0x00000002   Code   RO         2115    i.HAL_TIM_PWM_PulseFinishedCallback  stm32f1xx_hal_tim.o
    0x080034d8   0x080034d8   0x00000002   Code   RO         2116    i.HAL_TIM_PWM_PulseFinishedHalfCpltCallback  stm32f1xx_hal_tim.o
    0x080034da   0x080034da   0x00000002   PAD
    0x080034dc   0x080034dc   0x00000210   Code   RO         2118    i.HAL_TIM_PWM_Start_DMA  stm32f1xx_hal_tim.o
    0x080036ec   0x080036ec   0x00000002   Code   RO         2123    i.HAL_TIM_PeriodElapsedCallback  stm32f1xx_hal_tim.o
    0x080036ee   0x080036ee   0x00000002   Code   RO         2128    i.HAL_TIM_TriggerCallback  stm32f1xx_hal_tim.o
    0x080036f0   0x080036f0   0x00000004   Code   RO          274    i.HardFault_Handler  stm32f1xx_it.o
    0x080036f4   0x080036f4   0x0000008c   Code   RO          175    i.MX_ADC1_Init      main.o
    0x08003780   0x08003780   0x000000ac   Code   RO          176    i.MX_CAN1_Init      main.o
    0x0800382c   0x0800382c   0x000000ac   Code   RO          177    i.MX_CAN2_Init      main.o
    0x080038d8   0x080038d8   0x00000044   Code   RO          178    i.MX_DMA_Init       main.o
    0x0800391c   0x0800391c   0x00000058   Code   RO          179    i.MX_GPIO_Init      main.o
    0x08003974   0x08003974   0x000000d8   Code   RO          180    i.MX_TIM1_Init      main.o
    0x08003a4c   0x08003a4c   0x0000006c   Code   RO          181    i.MX_TIM2_Init      main.o
    0x08003ab8   0x08003ab8   0x00000004   Code   RO          275    i.MemManage_Handler  stm32f1xx_it.o
    0x08003abc   0x08003abc   0x00000004   Code   RO          276    i.NMI_Handler       stm32f1xx_it.o
    0x08003ac0   0x08003ac0   0x00000002   Code   RO          277    i.PendSV_Handler    stm32f1xx_it.o
    0x08003ac2   0x08003ac2   0x00000002   PAD
    0x08003ac4   0x08003ac4   0x00000028   Code   RO          959    i.RCC_Delay         stm32f1xx_hal_rcc.o
    0x08003aec   0x08003aec   0x00000002   Code   RO          278    i.SVC_Handler       stm32f1xx_it.o
    0x08003aee   0x08003aee   0x00000002   PAD
    0x08003af0   0x08003af0   0x00000118   Code   RO           13    i.SetPoint_Setting_PID  bcu.o
    0x08003c08   0x08003c08   0x00000044   Code   RO           14    i.SetPoint_to_ValveDutyCycle  bcu.o
    0x08003c4c   0x08003c4c   0x00000008   Code   RO          279    i.SysTick_Handler   stm32f1xx_it.o
    0x08003c54   0x08003c54   0x00000094   Code   RO          182    i.SystemClock_Config  main.o
    0x08003ce8   0x08003ce8   0x00000002   Code   RO         3020    i.SystemInit        system_stm32f1xx.o
    0x08003cea   0x08003cea   0x00000002   PAD
    0x08003cec   0x08003cec   0x00000078   Code   RO          280    i.TIM1_UP_IRQHandler  stm32f1xx_it.o
    0x08003d64   0x08003d64   0x00000010   Code   RO          281    i.TIM2_IRQHandler   stm32f1xx_it.o
    0x08003d74   0x08003d74   0x00000084   Code   RO         2130    i.TIM_Base_SetConfig  stm32f1xx_hal_tim.o
    0x08003df8   0x08003df8   0x00000022   Code   RO         2131    i.TIM_CCxChannelCmd  stm32f1xx_hal_tim.o
    0x08003e1a   0x08003e1a   0x00000068   Code   RO         2134    i.TIM_DMADelayPulseCplt  stm32f1xx_hal_tim.o
    0x08003e82   0x08003e82   0x00000040   Code   RO         2135    i.TIM_DMADelayPulseHalfCplt  stm32f1xx_hal_tim.o
    0x08003ec2   0x08003ec2   0x0000005e   Code   RO         2136    i.TIM_DMAError      stm32f1xx_hal_tim.o
    0x08003f20   0x08003f20   0x00000016   Code   RO         2141    i.TIM_ETR_SetConfig  stm32f1xx_hal_tim.o
    0x08003f36   0x08003f36   0x00000012   Code   RO         2142    i.TIM_ITRx_SetConfig  stm32f1xx_hal_tim.o
    0x08003f48   0x08003f48   0x00000060   Code   RO         2143    i.TIM_OC1_SetConfig  stm32f1xx_hal_tim.o
    0x08003fa8   0x08003fa8   0x00000068   Code   RO         2144    i.TIM_OC2_SetConfig  stm32f1xx_hal_tim.o
    0x08004010   0x08004010   0x00000068   Code   RO         2145    i.TIM_OC3_SetConfig  stm32f1xx_hal_tim.o
    0x08004078   0x08004078   0x00000048   Code   RO         2146    i.TIM_OC4_SetConfig  stm32f1xx_hal_tim.o
    0x080040c0   0x080040c0   0x00000026   Code   RO         2148    i.TIM_TI1_ConfigInputStage  stm32f1xx_hal_tim.o
    0x080040e6   0x080040e6   0x00000028   Code   RO         2150    i.TIM_TI2_ConfigInputStage  stm32f1xx_hal_tim.o
    0x0800410e   0x0800410e   0x00000004   Code   RO          282    i.UsageFault_Handler  stm32f1xx_it.o
    0x08004112   0x08004112   0x00000002   PAD
    0x08004114   0x08004114   0x00000010   Code   RO         1288    i.__NVIC_GetPriorityGrouping  stm32f1xx_hal_cortex.o
    0x08004124   0x08004124   0x00000028   Code   RO         1289    i.__NVIC_SetPriority  stm32f1xx_hal_cortex.o
    0x0800414c   0x0800414c   0x0000009c   Code   RO          183    i.main              main.o
    0x080041e8   0x080041e8   0x00000062   Code   RO         3065    x$fpl$d2f           fz_ws.l(d2f.o)
    0x0800424a   0x0800424a   0x00000002   PAD
    0x0800424c   0x0800424c   0x000002b0   Code   RO         3068    x$fpl$ddiv          fz_ws.l(ddiv.o)
    0x080044fc   0x080044fc   0x00000026   Code   RO         3071    x$fpl$dfltu         fz_ws.l(dflt_clz.o)
    0x08004522   0x08004522   0x00000002   PAD
    0x08004524   0x08004524   0x00000154   Code   RO         3077    x$fpl$dmul          fz_ws.l(dmul.o)
    0x08004678   0x08004678   0x0000009c   Code   RO         3112    x$fpl$dnaninf       fz_ws.l(dnaninf.o)
    0x08004714   0x08004714   0x0000000c   Code   RO         3114    x$fpl$dretinf       fz_ws.l(dretinf.o)
    0x08004720   0x08004720   0x00000056   Code   RO         3079    x$fpl$f2d           fz_ws.l(f2d.o)
    0x08004776   0x08004776   0x00000002   PAD
    0x08004778   0x08004778   0x000000c4   Code   RO         3081    x$fpl$fadd          fz_ws.l(faddsub_clz.o)
    0x0800483c   0x0800483c   0x00000018   Code   RO         3116    x$fpl$fcmpinf       fz_ws.l(fcmpi.o)
    0x08004854   0x08004854   0x00000184   Code   RO         3088    x$fpl$fdiv          fz_ws.l(fdiv.o)
    0x080049d8   0x080049d8   0x0000003e   Code   RO         3091    x$fpl$ffixu         fz_ws.l(ffixu.o)
    0x08004a16   0x08004a16   0x00000002   PAD
    0x08004a18   0x08004a18   0x00000026   Code   RO         3095    x$fpl$ffltu         fz_ws.l(fflt_clz.o)
    0x08004a3e   0x08004a3e   0x00000002   PAD
    0x08004a40   0x08004a40   0x00000068   Code   RO         3101    x$fpl$fleqf         fz_ws.l(fleqf.o)
    0x08004aa8   0x08004aa8   0x00000102   Code   RO         3103    x$fpl$fmul          fz_ws.l(fmul.o)
    0x08004baa   0x08004baa   0x0000008c   Code   RO         3118    x$fpl$fnaninf       fz_ws.l(fnaninf.o)
    0x08004c36   0x08004c36   0x0000000a   Code   RO         3120    x$fpl$fretinf       fz_ws.l(fretinf.o)
    0x08004c40   0x08004c40   0x00000062   Code   RO         3105    x$fpl$frleqf        fz_ws.l(frleqf.o)
    0x08004ca2   0x08004ca2   0x00000002   PAD
    0x08004ca4   0x08004ca4   0x000000ea   Code   RO         3083    x$fpl$fsub          fz_ws.l(faddsub_clz.o)
    0x08004d8e   0x08004d8e   0x00000000   Code   RO         3122    x$fpl$usenofp       fz_ws.l(usenofp.o)
    0x08004d8e   0x08004d8e   0x00000018   Data   RO         3021    .constdata          system_stm32f1xx.o
    0x08004da6   0x08004da6   0x00000002   PAD
    0x08004da8   0x08004da8   0x00000020   Data   RO         3281    Region$$Table       anon$$obj.o


    Execution Region RW_IRAM1 (Exec base: 0x20000000, Load base: 0x08004dc8, Size: 0x00000f08, Max: 0x00010000, ABSOLUTE)

    Exec Addr    Load Addr    Size         Type   Attr      Idx    E Section Name        Object

    0x20000000   0x08004dc8   0x00000058   Data   RW          185    .data               main.o
    0x20000058   0x08004e20   0x00000004   Data   RW          398    .data               stm32f1xx_hal_msp.o
    0x2000005c   0x08004e24   0x00000009   Data   RW          796    .data               stm32f1xx_hal.o
    0x20000065   0x08004e2d   0x00000003   PAD
    0x20000068   0x08004e30   0x00000004   Data   RW         3022    .data               system_stm32f1xx.o
    0x2000006c        -       0x00000838   Zero   RW          184    .bss                main.o
    0x200008a4        -       0x00000060   Zero   RW         3155    .bss                c_w.l(libspace.o)
    0x20000904   0x08004e34   0x00000004   PAD
    0x20000908        -       0x00000200   Zero   RW            2    HEAP                startup_stm32f105xc.o
    0x20000b08        -       0x00000400   Zero   RW            1    STACK               startup_stm32f105xc.o


==============================================================================

Image component sizes


      Code (inc. data)   RO Data    RW Data    ZI Data      Debug   Object Name

       348         74          0          0          0     627164   bcu.o
      1304        124          0         88       2104       8895   main.o
        64         26        336          0       1536        784   startup_stm32f105xc.o
       152         32          0          9          0       6161   stm32f1xx_hal.o
      1428         56          0          0          0       7998   stm32f1xx_hal_adc.o
       280          4          0          0          0       1398   stm32f1xx_hal_adc_ex.o
      2132          6          0          0          0      12594   stm32f1xx_hal_can.o
       304         22          0          0          0      29211   stm32f1xx_hal_cortex.o
      1260         18          0          0          0       3631   stm32f1xx_hal_dma.o
       800         34          0          0          0       1992   stm32f1xx_hal_gpio.o
       936         82          0          4          0       4049   stm32f1xx_hal_msp.o
      2160        112          0          0          0       5533   stm32f1xx_hal_rcc.o
      1080         64          0          0          0       2669   stm32f1xx_hal_rcc_ex.o
      2724         84          0          0          0      18607   stm32f1xx_hal_tim.o
       264         18          0          0          0       3045   stm32f1xx_hal_tim_ex.o
       682        118          0          0          0       8025   stm32f1xx_it.o
         2          0         24          4          0       1035   system_stm32f1xx.o

    ----------------------------------------------------------------------
     15942        874        394        108       3640     742791   Object Totals
         0          0         32          0          0          0   (incl. Generated)
        22          0          2          3          0          0   (incl. Padding)

    ----------------------------------------------------------------------

      Code (inc. data)   RO Data    RW Data    ZI Data      Debug   Library Member Name

         8          0          0          0          0         68   __main.o
         0          0          0          0          0          0   __rtentry.o
        12          0          0          0          0          0   __rtentry2.o
         6          0          0          0          0          0   __rtentry4.o
        52          8          0          0          0          0   __scatter.o
        26          0          0          0          0          0   __scatter_copy.o
        28          0          0          0          0          0   __scatter_zi.o
        18          0          0          0          0         80   exit.o
         6          0          0          0          0        152   heapauxi.o
         0          0          0          0          0          0   indicate_semi.o
         2          0          0          0          0          0   libinit.o
         2          0          0          0          0          0   libinit2.o
         2          0          0          0          0          0   libshutdown.o
         2          0          0          0          0          0   libshutdown2.o
         8          4          0          0         96         68   libspace.o
       238          0          0          0          0        100   lludivv7m.o
        78          0          0          0          0         80   rt_memclr_w.o
         2          0          0          0          0          0   rtexit.o
        10          0          0          0          0          0   rtexit2.o
        12          4          0          0          0         68   sys_exit.o
        74          0          0          0          0         80   sys_stackheap_outer.o
         2          0          0          0          0         68   use_no_semi.o
        98          4          0          0          0         92   d2f.o
       688        140          0          0          0        208   ddiv.o
        38          0          0          0          0         68   dflt_clz.o
       340         12          0          0          0        104   dmul.o
       156          4          0          0          0         92   dnaninf.o
        12          0          0          0          0         68   dretinf.o
        86          4          0          0          0         84   f2d.o
       430          8          0          0          0        168   faddsub_clz.o
        24          0          0          0          0         68   fcmpi.o
       388         76          0          0          0         96   fdiv.o
        62          4          0          0          0         84   ffixu.o
        38          0          0          0          0         68   fflt_clz.o
       104          4          0          0          0         84   fleqf.o
       258          4          0          0          0         84   fmul.o
       140          4          0          0          0         84   fnaninf.o
        10          0          0          0          0         68   fretinf.o
        98          0          0          0          0         68   frleqf.o
         0          0          0          0          0          0   usenofp.o

    ----------------------------------------------------------------------
      3576        280          0          0        100       2352   Library Totals
        18          0          0          0          4          0   (incl. Padding)

    ----------------------------------------------------------------------

      Code (inc. data)   RO Data    RW Data    ZI Data      Debug   Library Name

       588         16          0          0         96        764   c_w.l
      2970        264          0          0          0       1588   fz_ws.l

    ----------------------------------------------------------------------
      3576        280          0          0        100       2352   Library Totals

    ----------------------------------------------------------------------

==============================================================================


      Code (inc. data)   RO Data    RW Data    ZI Data      Debug   

     19518       1154        394        108       3740     737859   Grand Totals
     19518       1154        394        108       3740     737859   ELF Image Totals
     19518       1154        394        108          0          0   ROM Totals

==============================================================================

    Total RO  Size (Code + RO Data)                19912 (  19.45kB)
    Total RW  Size (RW Data + ZI Data)              3848 (   3.76kB)
    Total ROM Size (Code + RO Data + RW Data)      20020 (  19.55kB)

==============================================================================

